[2026-08-10 11:13:28] [INFO   ] Logger initialized → knowledge_base/logs/scraper_20260810_111328.log
[2026-08-10 11:13:28] [INFO   ] Starting Scraper CLI
[2026-08-10 11:13:28] [INFO   ] Loaded manifest v1.1 — Certus Diagnostics Medical Knowledge Base
[2026-08-10 11:13:28] [INFO   ] Job queue: 3 jobs across 1 topics (filtered from manifest)
[2026-08-10 11:13:28] [INFO   ] [KB-000018] [cleveland] SEARCHING — Query: Creatinine blood test kidney function
[2026-08-10 11:13:29] [INFO   ] [KB-000018] [cleveland] DOWNLOADING — URL: https://my.clevelandclinic.org/health/diseases/17957-cyclosporiasis
[2026-08-10 11:13:29] [INFO   ] [KB-000018] [cleveland] EXTRACTING
[2026-08-10 11:13:30] [INFO   ] [KB-000018] [cleveland] CONVERTING
[2026-08-10 11:13:30] [INFO   ] [KB-000018] [cleveland] VALIDATING
[2026-08-10 11:13:30] [INFO   ] [KB-000018] [cleveland] FAILED — Quality check failed: No topic keywords found in text, No markdown headings found
[2026-08-10 11:13:30] [INFO   ] [KB-000018] [mayo] SEARCHING — Query: Creatinine test
[2026-08-10 11:13:30] [ERROR  ] Direct search scrape error for 'https://www.mayoclinic.org/search/search-results?q=Creatinine+test': 403 Client Error: Forbidden for url: https://www.mayoclinic.org/search/search-results?q=Creatinine+test
[2026-08-10 11:13:30] [INFO   ] [KB-000018] [mayo] FAILED — Search returned no valid URLs
[2026-08-10 11:13:30] [INFO   ] [KB-000018] [niddk] SEARCHING — Query: Creatinine what is it kidney
[2026-08-10 11:13:32] [INFO   ] [KB-000018] [niddk] DOWNLOADING — URL: https://www.niddk.nih.gov/health-information/professionals/clinical-tools-patient-management/kidney-disease/laboratory-evaluation/estimated-gfr-calculators/previous
[2026-08-10 11:13:32] [INFO   ] [KB-000018] [niddk] EXTRACTING
[2026-08-10 11:13:32] [INFO   ] [KB-000018] [niddk] CONVERTING
[2026-08-10 11:13:32] [INFO   ] [KB-000018] [niddk] VALIDATING
[2026-08-10 11:13:32] [INFO   ] [KB-000018] [niddk] FAILED — Quality check failed: Word count too low (238 < 300), No markdown headings found
[2026-08-10 11:13:32] [INFO   ] [KB-000018] [niddk] DOWNLOADING — URL: https://www.niddk.nih.gov/health-information/kidney-disease/high-blood-pressure
[2026-08-10 11:13:33] [INFO   ] [KB-000018] [niddk] EXTRACTING
[2026-08-10 11:13:33] [INFO   ] [KB-000018] [niddk] CONVERTING
[2026-08-10 11:13:33] [INFO   ] [KB-000018] [niddk] VALIDATING
[2026-08-10 11:13:33] [INFO   ] [KB-000018] [niddk] FAILED — Quality check failed: No topic keywords found in text, No markdown headings found
[2026-08-10 11:13:33] [INFO   ] [KB-000018] [niddk] DOWNLOADING — URL: https://www.niddk.nih.gov/health-information/professionals/clinical-tools-patient-management/kidney-disease/laboratory-evaluation/estimated-gfr-calculators
[2026-08-10 11:13:34] [INFO   ] [KB-000018] [niddk] EXTRACTING
[2026-08-10 11:13:34] [INFO   ] [KB-000018] [niddk] CONVERTING
[2026-08-10 11:13:34] [INFO   ] [KB-000018] [niddk] VALIDATING
[2026-08-10 11:13:34] [INFO   ] [KB-000018] [niddk] COMPLETED — v3 (unchanged) words=613 duration=4.5s
[2026-08-10 11:13:34] [INFO   ] ======================================================================
[2026-08-10 11:13:34] [INFO   ] SCRAPER RUN COMPLETE
[2026-08-10 11:13:34] [INFO   ]   Total jobs:   3
[2026-08-10 11:13:34] [INFO   ]   Scraped:      1
[2026-08-10 11:13:34] [INFO   ]   Skipped:      0
[2026-08-10 11:13:34] [INFO   ]   Failed:       2
[2026-08-10 11:13:34] [INFO   ]   Duration:     5.8s
[2026-08-10 11:13:34] [INFO   ] ======================================================================
