[2026-08-10 10:58:26] [INFO   ] Logger initialized → knowledge_base/logs/scraper_20260810_105826.log
[2026-08-10 10:58:26] [INFO   ] Starting Scraper CLI
[2026-08-10 10:58:26] [INFO   ] Loaded manifest v1.1 — Certus Diagnostics Medical Knowledge Base
[2026-08-10 10:58:26] [INFO   ] Job queue: 3 jobs across 1 topics (filtered from manifest)
[2026-08-10 10:58:26] [INFO   ] [KB-000010] [ada] SEARCHING — Query: Understanding A1C
[2026-08-10 10:58:27] [INFO   ] [KB-000010] [ada] DOWNLOADING — URL: https://diabetes.org/living-with-diabetes/pregnancy/gestational-diabetes
[2026-08-10 10:58:28] [INFO   ] [KB-000010] [ada] EXTRACTING
[2026-08-10 10:58:28] [INFO   ] [KB-000010] [ada] CONVERTING
[2026-08-10 10:58:28] [INFO   ] [KB-000010] [ada] VALIDATING
[2026-08-10 10:58:28] [INFO   ] [KB-000010] [ada] FAILED — Quality check failed: No topic keywords found in text, No markdown headings found
[2026-08-10 10:58:28] [INFO   ] [KB-000010] [mayo] SEARCHING — Query: A1C test
[2026-08-10 10:58:28] [INFO   ] [KB-000010] [mayo] DOWNLOADING — URL: https://www.mayoclinic.org/diseases-conditions/type-1-diabetes/diagnosis-treatment/drc-20353017
[2026-08-10 10:58:28] [WARNING] Download attempt 1/3 failed for https://www.mayoclinic.org/diseases-conditions/type-1-diabetes/diagnosis-treatment/drc-20353017: 403 Client Error: Forbidden for url: https://www.mayoclinic.org/diseases-conditions/type-1-diabetes/diagnosis-treatment/drc-20353017
[2026-08-10 10:58:31] [WARNING] Download attempt 2/3 failed for https://www.mayoclinic.org/diseases-conditions/type-1-diabetes/diagnosis-treatment/drc-20353017: 403 Client Error: Forbidden for url: https://www.mayoclinic.org/diseases-conditions/type-1-diabetes/diagnosis-treatment/drc-20353017
[2026-08-10 10:58:33] [WARNING] Download attempt 3/3 failed for https://www.mayoclinic.org/diseases-conditions/type-1-diabetes/diagnosis-treatment/drc-20353017: 403 Client Error: Forbidden for url: https://www.mayoclinic.org/diseases-conditions/type-1-diabetes/diagnosis-treatment/drc-20353017
[2026-08-10 10:58:33] [INFO   ] [KB-000010] [mayo] FAILED — Download error: Failed after 3 attempts: 403 Client Error: Forbidden for url: https://www.mayoclinic.org/diseases-conditions/type-1-diabetes/diagnosis-treatment/drc-20353017
[2026-08-10 10:58:33] [INFO   ] [KB-000010] [medlineplus] SEARCHING — Query: Hemoglobin A1C HbA1c test
[2026-08-10 10:58:34] [WARNING] No valid article links found on search page: https://vsearch.nlm.nih.gov/vivisimo/cgi-bin/query-meta?v%3Aproject=medlineplus&v%3Asources=medlineplus-bundle&query=Hemoglobin+A1C+HbA1c+test
[2026-08-10 10:58:34] [INFO   ] [KB-000010] [medlineplus] FAILED — Search returned no valid URLs
[2026-08-10 10:58:34] [INFO   ] ======================================================================
[2026-08-10 10:58:34] [INFO   ] SCRAPER RUN COMPLETE
[2026-08-10 10:58:34] [INFO   ]   Total jobs:   3
[2026-08-10 10:58:34] [INFO   ]   Scraped:      0
[2026-08-10 10:58:34] [INFO   ]   Skipped:      0
[2026-08-10 10:58:34] [INFO   ]   Failed:       3
[2026-08-10 10:58:34] [INFO   ]   Duration:     8.0s
[2026-08-10 10:58:34] [INFO   ] ======================================================================
