[2026-08-10 11:32:17] [INFO   ] Logger initialized → knowledge_base/logs/scraper_20260810_113217.log
[2026-08-10 11:32:17] [INFO   ] Starting Scraper CLI
[2026-08-10 11:32:17] [INFO   ] Loaded manifest v1.1 — Certus Diagnostics Medical Knowledge Base
[2026-08-10 11:32:17] [INFO   ] Job queue: 3 jobs across 1 topics (filtered from manifest)
[2026-08-10 11:32:17] [INFO   ] [KB-000010] [ada] SEARCHING — Using direct URL: https://diabetes.org/about-diabetes/a1c
[2026-08-10 11:32:17] [INFO   ] [KB-000010] [ada] DOWNLOADING — URL: https://diabetes.org/about-diabetes/a1c
[2026-08-10 11:32:18] [INFO   ] [KB-000010] [ada] EXTRACTING
[2026-08-10 11:32:18] [INFO   ] [KB-000010] [ada] CONVERTING
[2026-08-10 11:32:18] [INFO   ] [KB-000010] [ada] VALIDATING
[2026-08-10 11:32:18] [INFO   ] [KB-000010] [ada] COMPLETED — v5 (unchanged) words=836 duration=1.4s
[2026-08-10 11:32:18] [INFO   ] [KB-000010] [mayo] SEARCHING — Using direct URL: https://www.mayoclinic.org/tests-procedures/a1c-test/about/pac-20384643
[2026-08-10 11:32:18] [INFO   ] [KB-000010] [mayo] DOWNLOADING — URL: https://www.mayoclinic.org/tests-procedures/a1c-test/about/pac-20384643
[2026-08-10 11:32:19] [WARNING] Download attempt 1/3 failed for https://www.mayoclinic.org/tests-procedures/a1c-test/about/pac-20384643: 403 Client Error: Forbidden for url: https://www.mayoclinic.org/tests-procedures/a1c-test/about/pac-20384643
[2026-08-10 11:32:24] [WARNING] Download attempt 2/3 failed for https://www.mayoclinic.org/tests-procedures/a1c-test/about/pac-20384643: 403 Client Error: Forbidden for url: https://www.mayoclinic.org/tests-procedures/a1c-test/about/pac-20384643
[2026-08-10 11:32:29] [WARNING] Download attempt 3/3 failed for https://www.mayoclinic.org/tests-procedures/a1c-test/about/pac-20384643: 403 Client Error: Forbidden for url: https://www.mayoclinic.org/tests-procedures/a1c-test/about/pac-20384643
[2026-08-10 11:32:29] [INFO   ] [KB-000010] [mayo] FAILED — Download error: Failed after 3 attempts: 403 Client Error: Forbidden for url: https://www.mayoclinic.org/tests-procedures/a1c-test/about/pac-20384643
[2026-08-10 11:32:29] [INFO   ] [KB-000010] [medlineplus] SEARCHING — Using direct URL: https://medlineplus.gov/lab-tests/hemoglobin-a1c-hba1c-test/
[2026-08-10 11:32:29] [INFO   ] [KB-000010] [medlineplus] DOWNLOADING — URL: https://medlineplus.gov/lab-tests/hemoglobin-a1c-hba1c-test/
[2026-08-10 11:32:30] [INFO   ] [KB-000010] [medlineplus] EXTRACTING
[2026-08-10 11:32:30] [INFO   ] [KB-000010] [medlineplus] CONVERTING
[2026-08-10 11:32:30] [INFO   ] [KB-000010] [medlineplus] VALIDATING
[2026-08-10 11:32:30] [INFO   ] [KB-000010] [medlineplus] COMPLETED — v4 (unchanged) words=1542 duration=0.9s
[2026-08-10 11:32:30] [INFO   ] ======================================================================
[2026-08-10 11:32:30] [INFO   ] SCRAPER RUN COMPLETE
[2026-08-10 11:32:30] [INFO   ]   Total jobs:   3
[2026-08-10 11:32:30] [INFO   ]   Scraped:      2
[2026-08-10 11:32:30] [INFO   ]   Skipped:      0
[2026-08-10 11:32:30] [INFO   ]   Failed:       1
[2026-08-10 11:32:30] [INFO   ]   Duration:     12.7s
[2026-08-10 11:32:30] [INFO   ] ======================================================================
