[2026-08-10 11:13:56] [INFO   ] Logger initialized → knowledge_base/logs/scraper_20260810_111356.log
[2026-08-10 11:13:56] [INFO   ] Starting Scraper CLI
[2026-08-10 11:13:56] [INFO   ] Loaded manifest v1.1 — Certus Diagnostics Medical Knowledge Base
[2026-08-10 11:13:56] [INFO   ] Job queue: 3 jobs across 1 topics (filtered from manifest)
[2026-08-10 11:13:56] [INFO   ] [KB-000025] [ada] SEARCHING — Query: Diabetes and kidney disease
[2026-08-10 11:13:57] [WARNING] No valid article links found on search page: https://diabetes.org/search?q=Diabetes+and+kidney+disease
[2026-08-10 11:13:57] [INFO   ] [KB-000025] [ada] FAILED — Search returned no valid URLs
[2026-08-10 11:13:57] [INFO   ] [KB-000025] [mayo] SEARCHING — Query: Diabetic nephropathy kidney disease
[2026-08-10 11:13:57] [ERROR  ] Direct search scrape error for 'https://www.mayoclinic.org/search/search-results?q=Diabetic+nephropathy+kidney+disease': 403 Client Error: Forbidden for url: https://www.mayoclinic.org/search/search-results?q=Diabetic+nephropathy+kidney+disease
[2026-08-10 11:13:57] [INFO   ] [KB-000025] [mayo] FAILED — Search returned no valid URLs
[2026-08-10 11:13:57] [INFO   ] [KB-000025] [niddk] SEARCHING — Query: Diabetic kidney disease
[2026-08-10 11:13:59] [INFO   ] [KB-000025] [niddk] DOWNLOADING — URL: https://www.niddk.nih.gov/health-information/diabetes/overview/preventing-problems
[2026-08-10 11:13:59] [INFO   ] [KB-000025] [niddk] EXTRACTING
[2026-08-10 11:13:59] [INFO   ] [KB-000025] [niddk] CONVERTING
[2026-08-10 11:13:59] [INFO   ] [KB-000025] [niddk] VALIDATING
[2026-08-10 11:13:59] [INFO   ] [KB-000025] [niddk] COMPLETED — v1 (new) words=558 duration=1.8s
[2026-08-10 11:13:59] [INFO   ] ======================================================================
[2026-08-10 11:13:59] [INFO   ] SCRAPER RUN COMPLETE
[2026-08-10 11:13:59] [INFO   ]   Total jobs:   3
[2026-08-10 11:13:59] [INFO   ]   Scraped:      1
[2026-08-10 11:13:59] [INFO   ]   Skipped:      0
[2026-08-10 11:13:59] [INFO   ]   Failed:       2
[2026-08-10 11:13:59] [INFO   ]   Duration:     3.2s
[2026-08-10 11:13:59] [INFO   ] ======================================================================
