[2026-08-10 11:25:05] [INFO   ] Logger initialized → knowledge_base/logs/scraper_20260810_112505.log
[2026-08-10 11:25:05] [INFO   ] Starting Scraper CLI
[2026-08-10 11:25:05] [INFO   ] Loaded manifest v1.1 — Certus Diagnostics Medical Knowledge Base
[2026-08-10 11:25:05] [INFO   ] [KB-000018] [niddk] Already scraped — skipping
[2026-08-10 11:25:05] [INFO   ] Job queue: 2 jobs across 1 topics (filtered from manifest)
[2026-08-10 11:25:05] [INFO   ] [KB-000018] [cleveland] SEARCHING — Using direct URL: https://my.clevelandclinic.org/health/diagnostics/16728-creatinine-test
[2026-08-10 11:25:05] [INFO   ] [KB-000018] [cleveland] DOWNLOADING — URL: https://my.clevelandclinic.org/health/diagnostics/16728-creatinine-test
[2026-08-10 11:25:06] [WARNING] Download attempt 1/3 failed for https://my.clevelandclinic.org/health/diagnostics/16728-creatinine-test: 404 Client Error: Not Found for url: https://my.clevelandclinic.org/health/diagnostics/16728-creatinine-test
[2026-08-10 11:25:08] [WARNING] Download attempt 2/3 failed for https://my.clevelandclinic.org/health/diagnostics/16728-creatinine-test: 404 Client Error: Not Found for url: https://my.clevelandclinic.org/health/diagnostics/16728-creatinine-test
[2026-08-10 11:25:10] [WARNING] Download attempt 3/3 failed for https://my.clevelandclinic.org/health/diagnostics/16728-creatinine-test: 404 Client Error: Not Found for url: https://my.clevelandclinic.org/health/diagnostics/16728-creatinine-test
[2026-08-10 11:25:10] [INFO   ] [KB-000018] [cleveland] FAILED — Download error: Failed after 3 attempts: 404 Client Error: Not Found for url: https://my.clevelandclinic.org/health/diagnostics/16728-creatinine-test
[2026-08-10 11:25:10] [INFO   ] [KB-000018] [mayo] SEARCHING — Using direct URL: https://www.mayoclinic.org/tests-procedures/creatinine-test/about/pac-20384646
[2026-08-10 11:25:10] [INFO   ] [KB-000018] [mayo] DOWNLOADING — URL: https://www.mayoclinic.org/tests-procedures/creatinine-test/about/pac-20384646
[2026-08-10 11:25:11] [WARNING] Download attempt 1/3 failed for https://www.mayoclinic.org/tests-procedures/creatinine-test/about/pac-20384646: 403 Client Error: Forbidden for url: https://www.mayoclinic.org/tests-procedures/creatinine-test/about/pac-20384646
[2026-08-10 11:25:13] [WARNING] Download attempt 2/3 failed for https://www.mayoclinic.org/tests-procedures/creatinine-test/about/pac-20384646: 403 Client Error: Forbidden for url: https://www.mayoclinic.org/tests-procedures/creatinine-test/about/pac-20384646
[2026-08-10 11:25:15] [WARNING] Download attempt 3/3 failed for https://www.mayoclinic.org/tests-procedures/creatinine-test/about/pac-20384646: 403 Client Error: Forbidden for url: https://www.mayoclinic.org/tests-procedures/creatinine-test/about/pac-20384646
[2026-08-10 11:25:15] [INFO   ] [KB-000018] [mayo] FAILED — Download error: Failed after 3 attempts: 403 Client Error: Forbidden for url: https://www.mayoclinic.org/tests-procedures/creatinine-test/about/pac-20384646
[2026-08-10 11:25:15] [INFO   ] ======================================================================
[2026-08-10 11:25:15] [INFO   ] SCRAPER RUN COMPLETE
[2026-08-10 11:25:15] [INFO   ]   Total jobs:   2
[2026-08-10 11:25:15] [INFO   ]   Scraped:      0
[2026-08-10 11:25:15] [INFO   ]   Skipped:      0
[2026-08-10 11:25:15] [INFO   ]   Failed:       2
[2026-08-10 11:25:15] [INFO   ]   Duration:     9.7s
[2026-08-10 11:25:15] [INFO   ] ======================================================================
