[2026-08-10 11:25:15] [INFO   ] Logger initialized → knowledge_base/logs/scraper_20260810_112515.log
[2026-08-10 11:25:15] [INFO   ] Starting Scraper CLI
[2026-08-10 11:25:15] [INFO   ] Loaded manifest v1.1 — Certus Diagnostics Medical Knowledge Base
[2026-08-10 11:25:15] [INFO   ] [KB-000019] [niddk] Already scraped — skipping
[2026-08-10 11:25:15] [INFO   ] Job queue: 2 jobs across 1 topics (filtered from manifest)
[2026-08-10 11:25:15] [INFO   ] [KB-000019] [cleveland] SEARCHING — Using direct URL: https://my.clevelandclinic.org/health/diagnostics/22562-estimated-glomerular-filtration-rate-egfr
[2026-08-10 11:25:15] [INFO   ] [KB-000019] [cleveland] DOWNLOADING — URL: https://my.clevelandclinic.org/health/diagnostics/22562-estimated-glomerular-filtration-rate-egfr
[2026-08-10 11:25:16] [WARNING] Download attempt 1/3 failed for https://my.clevelandclinic.org/health/diagnostics/22562-estimated-glomerular-filtration-rate-egfr: 404 Client Error: Not Found for url: https://my.clevelandclinic.org/health/diagnostics/22562-estimated-glomerular-filtration-rate-egfr
[2026-08-10 11:25:18] [WARNING] Download attempt 2/3 failed for https://my.clevelandclinic.org/health/diagnostics/22562-estimated-glomerular-filtration-rate-egfr: 404 Client Error: Not Found for url: https://my.clevelandclinic.org/health/diagnostics/22562-estimated-glomerular-filtration-rate-egfr
[2026-08-10 11:25:20] [WARNING] Download attempt 3/3 failed for https://my.clevelandclinic.org/health/diagnostics/22562-estimated-glomerular-filtration-rate-egfr: 404 Client Error: Not Found for url: https://my.clevelandclinic.org/health/diagnostics/22562-estimated-glomerular-filtration-rate-egfr
[2026-08-10 11:25:20] [INFO   ] [KB-000019] [cleveland] FAILED — Download error: Failed after 3 attempts: 404 Client Error: Not Found for url: https://my.clevelandclinic.org/health/diagnostics/22562-estimated-glomerular-filtration-rate-egfr
[2026-08-10 11:25:20] [INFO   ] [KB-000019] [mayo] SEARCHING — Using direct URL: https://www.mayoclinic.org/tests-procedures/glomerular-filtration-rate/about/pac-20384643
[2026-08-10 11:25:20] [INFO   ] [KB-000019] [mayo] DOWNLOADING — URL: https://www.mayoclinic.org/tests-procedures/glomerular-filtration-rate/about/pac-20384643
[2026-08-10 11:25:20] [WARNING] Download attempt 1/3 failed for https://www.mayoclinic.org/tests-procedures/glomerular-filtration-rate/about/pac-20384643: 403 Client Error: Forbidden for url: https://www.mayoclinic.org/tests-procedures/glomerular-filtration-rate/about/pac-20384643
[2026-08-10 11:25:23] [WARNING] Download attempt 2/3 failed for https://www.mayoclinic.org/tests-procedures/glomerular-filtration-rate/about/pac-20384643: 403 Client Error: Forbidden for url: https://www.mayoclinic.org/tests-procedures/glomerular-filtration-rate/about/pac-20384643
[2026-08-10 11:25:25] [WARNING] Download attempt 3/3 failed for https://www.mayoclinic.org/tests-procedures/glomerular-filtration-rate/about/pac-20384643: 403 Client Error: Forbidden for url: https://www.mayoclinic.org/tests-procedures/glomerular-filtration-rate/about/pac-20384643
[2026-08-10 11:25:25] [INFO   ] [KB-000019] [mayo] FAILED — Download error: Failed after 3 attempts: 403 Client Error: Forbidden for url: https://www.mayoclinic.org/tests-procedures/glomerular-filtration-rate/about/pac-20384643
[2026-08-10 11:25:25] [INFO   ] ======================================================================
[2026-08-10 11:25:25] [INFO   ] SCRAPER RUN COMPLETE
[2026-08-10 11:25:25] [INFO   ]   Total jobs:   2
[2026-08-10 11:25:25] [INFO   ]   Scraped:      0
[2026-08-10 11:25:25] [INFO   ]   Skipped:      0
[2026-08-10 11:25:25] [INFO   ]   Failed:       2
[2026-08-10 11:25:25] [INFO   ]   Duration:     9.5s
[2026-08-10 11:25:25] [INFO   ] ======================================================================
