[2026-08-10 11:06:38] [INFO   ] Logger initialized → knowledge_base/logs/scraper_20260810_110638.log
[2026-08-10 11:06:38] [INFO   ] Starting Scraper CLI
[2026-08-10 11:06:38] [INFO   ] Loaded manifest v1.1 — Certus Diagnostics Medical Knowledge Base
[2026-08-10 11:06:38] [INFO   ] [KB-000018] [niddk] Already scraped — skipping
[2026-08-10 11:06:38] [INFO   ] Job queue: 2 jobs across 1 topics (filtered from manifest)
[2026-08-10 11:06:38] [INFO   ] [KB-000018] [cleveland] SEARCHING — Query: Creatinine blood test kidney function
[2026-08-10 11:06:39] [INFO   ] [KB-000018] [cleveland] DOWNLOADING — URL: https://my.clevelandclinic.org/health/diseases/17957-cyclosporiasis
[2026-08-10 11:06:39] [INFO   ] [KB-000018] [cleveland] EXTRACTING
[2026-08-10 11:06:39] [INFO   ] [KB-000018] [cleveland] CONVERTING
[2026-08-10 11:06:39] [INFO   ] [KB-000018] [cleveland] VALIDATING
[2026-08-10 11:06:39] [INFO   ] [KB-000018] [cleveland] FAILED — Quality check failed: No topic keywords found in text, No markdown headings found
[2026-08-10 11:06:39] [INFO   ] [KB-000018] [mayo] SEARCHING — Query: Creatinine test
[2026-08-10 11:06:39] [ERROR  ] Direct search scrape error for 'https://www.mayoclinic.org/search/search-results?q=Creatinine+test': 403 Client Error: Forbidden for url: https://www.mayoclinic.org/search/search-results?q=Creatinine+test
[2026-08-10 11:06:39] [INFO   ] [KB-000018] [mayo] FAILED — Search returned no valid URLs
[2026-08-10 11:06:39] [INFO   ] ======================================================================
[2026-08-10 11:06:39] [INFO   ] SCRAPER RUN COMPLETE
[2026-08-10 11:06:39] [INFO   ]   Total jobs:   2
[2026-08-10 11:06:39] [INFO   ]   Scraped:      0
[2026-08-10 11:06:39] [INFO   ]   Skipped:      0
[2026-08-10 11:06:39] [INFO   ]   Failed:       2
[2026-08-10 11:06:39] [INFO   ]   Duration:     1.9s
[2026-08-10 11:06:39] [INFO   ] ======================================================================
