[2026-08-10 06:47:39] [INFO   ] Logger initialized → knowledge_base/logs/scraper_20260810_064739.log
[2026-08-10 06:47:39] [INFO   ] Starting Scraper CLI
[2026-08-10 06:47:39] [INFO   ] Loaded manifest v1.1 — Certus Diagnostics Medical Knowledge Base
[2026-08-10 06:47:39] [INFO   ] Job queue: 3 jobs across 1 topics (filtered from manifest)
[2026-08-10 06:47:39] [INFO   ] [KB-000003] [ada] SEARCHING — Query: Type 2 diabetes
[2026-08-10 06:47:41] [INFO   ] [KB-000003] [ada] DOWNLOADING — URL: https://professional.diabetes.org/
[2026-08-10 06:47:42] [INFO   ] [KB-000003] [ada] EXTRACTING
[2026-08-10 06:47:42] [INFO   ] [KB-000003] [ada] CONVERTING
[2026-08-10 06:47:42] [INFO   ] [KB-000003] [ada] VALIDATING
[2026-08-10 06:47:42] [INFO   ] [KB-000003] [ada] FAILED — Quality check failed: No markdown headings found
[2026-08-10 06:47:42] [INFO   ] [KB-000003] [cdc] SEARCHING — Query: Type 2 diabetes basics
[2026-08-10 06:47:43] [INFO   ] [KB-000003] [cdc] DOWNLOADING — URL: https://www.cdc.gov
[2026-08-10 06:47:44] [WARNING] Download attempt 1/3 failed for https://www.cdc.gov: 403 Client Error: Forbidden for url: https://www.cdc.gov/
[2026-08-10 06:47:46] [WARNING] Download attempt 2/3 failed for https://www.cdc.gov: 403 Client Error: Forbidden for url: https://www.cdc.gov/
[2026-08-10 06:47:49] [WARNING] Download attempt 3/3 failed for https://www.cdc.gov: 403 Client Error: Forbidden for url: https://www.cdc.gov/
[2026-08-10 06:47:49] [INFO   ] [KB-000003] [cdc] FAILED — Download error: Failed after 3 attempts: 403 Client Error: Forbidden for url: https://www.cdc.gov/
[2026-08-10 06:47:49] [INFO   ] [KB-000003] [mayo] SEARCHING — Query: Type 2 diabetes symptoms causes treatment
[2026-08-10 06:47:51] [INFO   ] [KB-000003] [mayo] DOWNLOADING — URL: https://www.mayoclinic.org/
[2026-08-10 06:47:51] [WARNING] Download attempt 1/3 failed for https://www.mayoclinic.org/: 403 Client Error: Forbidden for url: https://www.mayoclinic.org/
[2026-08-10 06:47:53] [WARNING] Download attempt 2/3 failed for https://www.mayoclinic.org/: 403 Client Error: Forbidden for url: https://www.mayoclinic.org/
[2026-08-10 06:47:56] [WARNING] Download attempt 3/3 failed for https://www.mayoclinic.org/: 403 Client Error: Forbidden for url: https://www.mayoclinic.org/
[2026-08-10 06:47:56] [INFO   ] [KB-000003] [mayo] FAILED — Download error: Failed after 3 attempts: 403 Client Error: Forbidden for url: https://www.mayoclinic.org/
[2026-08-10 06:47:56] [INFO   ] ======================================================================
[2026-08-10 06:47:56] [INFO   ] SCRAPER RUN COMPLETE
[2026-08-10 06:47:56] [INFO   ]   Total jobs:   3
[2026-08-10 06:47:56] [INFO   ]   Scraped:      0
[2026-08-10 06:47:56] [INFO   ]   Skipped:      0
[2026-08-10 06:47:56] [INFO   ]   Failed:       3
[2026-08-10 06:47:56] [INFO   ]   Duration:     17.1s
[2026-08-10 06:47:56] [INFO   ] ======================================================================
