[2026-08-10 11:34:59] [INFO   ] Logger initialized → knowledge_base/logs/scraper_20260810_113459.log
[2026-08-10 11:34:59] [INFO   ] Starting Scraper CLI
[2026-08-10 11:34:59] [INFO   ] Loaded manifest v1.1 — Certus Diagnostics Medical Knowledge Base
[2026-08-10 11:34:59] [INFO   ] Job queue: 3 jobs across 1 topics (filtered from manifest)
[2026-08-10 11:34:59] [INFO   ] [KB-000064] [cleveland] SEARCHING — Query: T3 blood test thyroid hormone
[2026-08-10 11:35:01] [INFO   ] [KB-000064] [cleveland] DOWNLOADING — URL: https://my.clevelandclinic.org/health/diseases/17957-cyclosporiasis
[2026-08-10 11:35:01] [INFO   ] [KB-000064] [cleveland] EXTRACTING
[2026-08-10 11:35:01] [INFO   ] [KB-000064] [cleveland] CONVERTING
[2026-08-10 11:35:01] [INFO   ] [KB-000064] [cleveland] VALIDATING
[2026-08-10 11:35:01] [INFO   ] [KB-000064] [cleveland] FAILED — Quality check failed: No topic keywords found in text, No markdown headings found
[2026-08-10 11:35:01] [INFO   ] [KB-000064] [mayo] SEARCHING — Query: T3 test triiodothyronine thyroid
[2026-08-10 11:35:01] [ERROR  ] Direct search scrape error for 'https://www.mayoclinic.org/search/search-results?q=T3+test+triiodothyronine+thyroid': 403 Client Error: Forbidden for url: https://www.mayoclinic.org/search/search-results?q=T3+test+triiodothyronine+thyroid
[2026-08-10 11:35:01] [INFO   ] [KB-000064] [mayo] FAILED — Search returned no valid URLs
[2026-08-10 11:35:01] [INFO   ] [KB-000064] [medlineplus] SEARCHING — Using direct URL: https://medlineplus.gov/lab-tests/t3-test/
[2026-08-10 11:35:01] [INFO   ] [KB-000064] [medlineplus] DOWNLOADING — URL: https://medlineplus.gov/lab-tests/t3-test/
[2026-08-10 11:35:04] [WARNING] Download attempt 1/3 failed for https://medlineplus.gov/lab-tests/t3-test/: 404 Client Error: Not Found for url: https://medlineplus.gov/lab-tests/t3-test/
[2026-08-10 11:35:09] [WARNING] Download attempt 2/3 failed for https://medlineplus.gov/lab-tests/t3-test/: 404 Client Error: Not Found for url: https://medlineplus.gov/lab-tests/t3-test/
[2026-08-10 11:35:17] [WARNING] Download attempt 3/3 failed for https://medlineplus.gov/lab-tests/t3-test/: 404 Client Error: Not Found for url: https://medlineplus.gov/lab-tests/t3-test/
[2026-08-10 11:35:17] [INFO   ] [KB-000064] [medlineplus] FAILED — Download error: Failed after 3 attempts: 404 Client Error: Not Found for url: https://medlineplus.gov/lab-tests/t3-test/
[2026-08-10 11:35:17] [INFO   ] ======================================================================
[2026-08-10 11:35:17] [INFO   ] SCRAPER RUN COMPLETE
[2026-08-10 11:35:17] [INFO   ]   Total jobs:   3
[2026-08-10 11:35:17] [INFO   ]   Scraped:      0
[2026-08-10 11:35:17] [INFO   ]   Skipped:      0
[2026-08-10 11:35:17] [INFO   ]   Failed:       3
[2026-08-10 11:35:17] [INFO   ]   Duration:     17.5s
[2026-08-10 11:35:17] [INFO   ] ======================================================================
