[2026-08-10 11:32:05] [INFO   ] Logger initialized → knowledge_base/logs/scraper_20260810_113205.log
[2026-08-10 11:32:05] [INFO   ] Starting Scraper CLI
[2026-08-10 11:32:05] [INFO   ] Loaded manifest v1.1 — Certus Diagnostics Medical Knowledge Base
[2026-08-10 11:32:05] [INFO   ] Job queue: 3 jobs across 1 topics (filtered from manifest)
[2026-08-10 11:32:05] [INFO   ] [KB-000004] [ada] SEARCHING — Using direct URL: https://diabetes.org/about-diabetes/prediabetes
[2026-08-10 11:32:05] [INFO   ] [KB-000004] [ada] DOWNLOADING — URL: https://diabetes.org/about-diabetes/prediabetes
[2026-08-10 11:32:06] [INFO   ] [KB-000004] [ada] EXTRACTING
[2026-08-10 11:32:06] [INFO   ] [KB-000004] [ada] CONVERTING
[2026-08-10 11:32:06] [INFO   ] [KB-000004] [ada] VALIDATING
[2026-08-10 11:32:06] [INFO   ] [KB-000004] [ada] FAILED — Quality check failed: Word count too low (243 < 300), No markdown headings found
[2026-08-10 11:32:06] [INFO   ] [KB-000004] [cdc] SEARCHING — Using direct URL: https://www.cdc.gov/diabetes/basics/prediabetes.html
[2026-08-10 11:32:06] [INFO   ] [KB-000004] [cdc] DOWNLOADING — URL: https://www.cdc.gov/diabetes/basics/prediabetes.html
[2026-08-10 11:32:06] [WARNING] Download attempt 1/3 failed for https://www.cdc.gov/diabetes/basics/prediabetes.html: 403 Client Error: Forbidden for url: https://www.cdc.gov/diabetes/basics/prediabetes.html
[2026-08-10 11:32:11] [WARNING] Download attempt 2/3 failed for https://www.cdc.gov/diabetes/basics/prediabetes.html: 403 Client Error: Forbidden for url: https://www.cdc.gov/diabetes/basics/prediabetes.html
[2026-08-10 11:32:16] [WARNING] Download attempt 3/3 failed for https://www.cdc.gov/diabetes/basics/prediabetes.html: 403 Client Error: Forbidden for url: https://www.cdc.gov/diabetes/basics/prediabetes.html
[2026-08-10 11:32:16] [INFO   ] [KB-000004] [cdc] FAILED — Download error: Failed after 3 attempts: 403 Client Error: Forbidden for url: https://www.cdc.gov/diabetes/basics/prediabetes.html
[2026-08-10 11:32:16] [INFO   ] [KB-000004] [mayo] SEARCHING — Query: Prediabetes symptoms causes
[2026-08-10 11:32:17] [ERROR  ] Direct search scrape error for 'https://www.mayoclinic.org/search/search-results?q=Prediabetes+symptoms+causes': 403 Client Error: Forbidden for url: https://www.mayoclinic.org/search/search-results?q=Prediabetes+symptoms+causes
[2026-08-10 11:32:17] [INFO   ] [KB-000004] [mayo] FAILED — Search returned no valid URLs
[2026-08-10 11:32:17] [INFO   ] ======================================================================
[2026-08-10 11:32:17] [INFO   ] SCRAPER RUN COMPLETE
[2026-08-10 11:32:17] [INFO   ]   Total jobs:   3
[2026-08-10 11:32:17] [INFO   ]   Scraped:      0
[2026-08-10 11:32:17] [INFO   ]   Skipped:      0
[2026-08-10 11:32:17] [INFO   ]   Failed:       3
[2026-08-10 11:32:17] [INFO   ]   Duration:     11.4s
[2026-08-10 11:32:17] [INFO   ] ======================================================================
