[2026-08-10 11:28:12] [INFO   ] Logger initialized → knowledge_base/logs/scraper_20260810_112812.log
[2026-08-10 11:28:12] [INFO   ] Starting Scraper CLI
[2026-08-10 11:28:12] [INFO   ] Loaded manifest v1.1 — Certus Diagnostics Medical Knowledge Base
[2026-08-10 11:28:12] [INFO   ] Job queue: 3 jobs across 1 topics (filtered from manifest)
[2026-08-10 11:28:12] [INFO   ] [KB-000001] [ada] SEARCHING — Using direct URL: https://diabetes.org/about-diabetes
[2026-08-10 11:28:12] [INFO   ] [KB-000001] [ada] DOWNLOADING — URL: https://diabetes.org/about-diabetes
[2026-08-10 11:28:13] [INFO   ] [KB-000001] [ada] EXTRACTING
[2026-08-10 11:28:14] [INFO   ] [KB-000001] [ada] CONVERTING
[2026-08-10 11:28:14] [INFO   ] [KB-000001] [ada] VALIDATING
[2026-08-10 11:28:14] [INFO   ] [KB-000001] [ada] COMPLETED — v1 (unchanged) words=559 duration=1.5s
[2026-08-10 11:28:14] [INFO   ] [KB-000001] [cdc] SEARCHING — Using direct URL: https://www.cdc.gov/diabetes/basics/index.html
[2026-08-10 11:28:14] [INFO   ] [KB-000001] [cdc] DOWNLOADING — URL: https://www.cdc.gov/diabetes/basics/index.html
[2026-08-10 11:28:14] [WARNING] Download attempt 1/3 failed for https://www.cdc.gov/diabetes/basics/index.html: 403 Client Error: Forbidden for url: https://www.cdc.gov/diabetes/basics/index.html
[2026-08-10 11:28:16] [WARNING] Download attempt 2/3 failed for https://www.cdc.gov/diabetes/basics/index.html: 403 Client Error: Forbidden for url: https://www.cdc.gov/diabetes/basics/index.html
[2026-08-10 11:28:18] [WARNING] Download attempt 3/3 failed for https://www.cdc.gov/diabetes/basics/index.html: 403 Client Error: Forbidden for url: https://www.cdc.gov/diabetes/basics/index.html
[2026-08-10 11:28:18] [INFO   ] [KB-000001] [cdc] FAILED — Download error: Failed after 3 attempts: 403 Client Error: Forbidden for url: https://www.cdc.gov/diabetes/basics/index.html
[2026-08-10 11:28:18] [INFO   ] [KB-000001] [mayo] SEARCHING — Using direct URL: https://www.mayoclinic.org/diseases-conditions/diabetes/symptoms-causes/syc-20371444
[2026-08-10 11:28:18] [INFO   ] [KB-000001] [mayo] DOWNLOADING — URL: https://www.mayoclinic.org/diseases-conditions/diabetes/symptoms-causes/syc-20371444
[2026-08-10 11:28:19] [WARNING] Download attempt 1/3 failed for https://www.mayoclinic.org/diseases-conditions/diabetes/symptoms-causes/syc-20371444: 403 Client Error: Forbidden for url: https://www.mayoclinic.org/diseases-conditions/diabetes/symptoms-causes/syc-20371444
[2026-08-10 11:28:21] [WARNING] Download attempt 2/3 failed for https://www.mayoclinic.org/diseases-conditions/diabetes/symptoms-causes/syc-20371444: 403 Client Error: Forbidden for url: https://www.mayoclinic.org/diseases-conditions/diabetes/symptoms-causes/syc-20371444
[2026-08-10 11:28:23] [WARNING] Download attempt 3/3 failed for https://www.mayoclinic.org/diseases-conditions/diabetes/symptoms-causes/syc-20371444: 403 Client Error: Forbidden for url: https://www.mayoclinic.org/diseases-conditions/diabetes/symptoms-causes/syc-20371444
[2026-08-10 11:28:23] [INFO   ] [KB-000001] [mayo] FAILED — Download error: Failed after 3 attempts: 403 Client Error: Forbidden for url: https://www.mayoclinic.org/diseases-conditions/diabetes/symptoms-causes/syc-20371444
[2026-08-10 11:28:23] [INFO   ] ======================================================================
[2026-08-10 11:28:23] [INFO   ] SCRAPER RUN COMPLETE
[2026-08-10 11:28:23] [INFO   ]   Total jobs:   3
[2026-08-10 11:28:23] [INFO   ]   Scraped:      1
[2026-08-10 11:28:23] [INFO   ]   Skipped:      0
[2026-08-10 11:28:23] [INFO   ]   Failed:       2
[2026-08-10 11:28:23] [INFO   ]   Duration:     10.5s
[2026-08-10 11:28:23] [INFO   ] ======================================================================
