[2026-08-10 06:33:04] [INFO   ] Logger initialized → knowledge_base/logs/scraper_20260810_063304.log
[2026-08-10 06:33:04] [INFO   ] Starting Scraper CLI
[2026-08-10 06:33:04] [INFO   ] Loaded manifest v1.1 — Certus Diagnostics Medical Knowledge Base
[2026-08-10 06:33:04] [INFO   ] Job queue: 3 jobs across 1 topics (filtered from manifest)
[2026-08-10 06:33:04] [INFO   ] [KB-000010] [ada] SEARCHING — Query: Understanding A1C
[2026-08-10 06:33:13] [WARNING] No valid URLs found in search results for query: Understanding A1C site:diabetes.org
[2026-08-10 06:33:13] [INFO   ] [KB-000010] [ada] FAILED — Search returned no valid URLs
[2026-08-10 06:33:13] [INFO   ] [KB-000010] [mayo] SEARCHING — Query: A1C test
[2026-08-10 06:33:21] [WARNING] No valid URLs found in search results for query: A1C test site:mayoclinic.org
[2026-08-10 06:33:21] [INFO   ] [KB-000010] [mayo] FAILED — Search returned no valid URLs
[2026-08-10 06:33:21] [INFO   ] [KB-000010] [medlineplus] SEARCHING — Query: Hemoglobin A1C HbA1c test
[2026-08-10 06:33:27] [WARNING] No valid URLs found in search results for query: Hemoglobin A1C HbA1c test site:medlineplus.gov
[2026-08-10 06:33:27] [INFO   ] [KB-000010] [medlineplus] FAILED — Search returned no valid URLs
[2026-08-10 06:33:27] [INFO   ] ======================================================================
[2026-08-10 06:33:27] [INFO   ] SCRAPER RUN COMPLETE
[2026-08-10 06:33:27] [INFO   ]   Total jobs:   3
[2026-08-10 06:33:27] [INFO   ]   Scraped:      0
[2026-08-10 06:33:27] [INFO   ]   Skipped:      0
[2026-08-10 06:33:27] [INFO   ]   Failed:       3
[2026-08-10 06:33:27] [INFO   ]   Duration:     22.1s
[2026-08-10 06:33:27] [INFO   ] ======================================================================
