[2026-08-10 10:57:40] [INFO   ] Logger initialized → knowledge_base/logs/scraper_20260810_105740.log
[2026-08-10 10:57:40] [INFO   ] Starting Scraper CLI
[2026-08-10 10:57:40] [INFO   ] Loaded manifest v1.1 — Certus Diagnostics Medical Knowledge Base
[2026-08-10 10:57:40] [INFO   ] Job queue: 3 jobs across 1 topics (filtered from manifest)
[2026-08-10 10:57:40] [INFO   ] [KB-000010] [ada] SEARCHING — Query: Understanding A1C
[2026-08-10 10:57:40] [INFO   ] [KB-000010] [ada] DOWNLOADING — URL: https://diabetes.org/es/search
[2026-08-10 10:57:42] [INFO   ] [KB-000010] [ada] EXTRACTING
[2026-08-10 10:57:42] [INFO   ] [KB-000010] [ada] CONVERTING
[2026-08-10 10:57:42] [INFO   ] [KB-000010] [ada] VALIDATING
[2026-08-10 10:57:42] [INFO   ] [KB-000010] [ada] FAILED — Quality check failed: Word count too low (205 < 300), Language not detected as English, No topic keywords found in text, No markdown headings found
[2026-08-10 10:57:42] [INFO   ] [KB-000010] [mayo] SEARCHING — Query: A1C test
[2026-08-10 10:57:43] [INFO   ] [KB-000010] [mayo] DOWNLOADING — URL: https://www.mayoclinic.org/tests-procedures/a1c-test/about/pac-20384643
[2026-08-10 10:57:43] [WARNING] Download attempt 1/3 failed for https://www.mayoclinic.org/tests-procedures/a1c-test/about/pac-20384643: 403 Client Error: Forbidden for url: https://www.mayoclinic.org/tests-procedures/a1c-test/about/pac-20384643
[2026-08-10 10:57:45] [WARNING] Download attempt 2/3 failed for https://www.mayoclinic.org/tests-procedures/a1c-test/about/pac-20384643: 403 Client Error: Forbidden for url: https://www.mayoclinic.org/tests-procedures/a1c-test/about/pac-20384643
[2026-08-10 10:57:47] [WARNING] Download attempt 3/3 failed for https://www.mayoclinic.org/tests-procedures/a1c-test/about/pac-20384643: 403 Client Error: Forbidden for url: https://www.mayoclinic.org/tests-procedures/a1c-test/about/pac-20384643
[2026-08-10 10:57:47] [INFO   ] [KB-000010] [mayo] FAILED — Download error: Failed after 3 attempts: 403 Client Error: Forbidden for url: https://www.mayoclinic.org/tests-procedures/a1c-test/about/pac-20384643
[2026-08-10 10:57:47] [INFO   ] [KB-000010] [medlineplus] SEARCHING — Query: Hemoglobin A1C HbA1c test
[2026-08-10 10:57:48] [INFO   ] [KB-000010] [medlineplus] DOWNLOADING — URL: https://medlineplus.gov/lab-tests/
[2026-08-10 10:57:49] [INFO   ] [KB-000010] [medlineplus] EXTRACTING
[2026-08-10 10:57:49] [INFO   ] [KB-000010] [medlineplus] CONVERTING
[2026-08-10 10:57:49] [INFO   ] [KB-000010] [medlineplus] VALIDATING
[2026-08-10 10:57:49] [INFO   ] [KB-000010] [medlineplus] FAILED — Quality check failed: Word count too low (156 < 300), No topic keywords found in text, No markdown headings found
[2026-08-10 10:57:49] [INFO   ] ======================================================================
[2026-08-10 10:57:49] [INFO   ] SCRAPER RUN COMPLETE
[2026-08-10 10:57:49] [INFO   ]   Total jobs:   3
[2026-08-10 10:57:49] [INFO   ]   Scraped:      0
[2026-08-10 10:57:49] [INFO   ]   Skipped:      0
[2026-08-10 10:57:49] [INFO   ]   Failed:       3
[2026-08-10 10:57:49] [INFO   ]   Duration:     9.2s
[2026-08-10 10:57:49] [INFO   ] ======================================================================
