[2026-08-10 10:54:20] [INFO   ] Logger initialized → knowledge_base/logs/scraper_20260810_105420.log
[2026-08-10 10:54:20] [INFO   ] Starting Scraper CLI
[2026-08-10 10:54:20] [INFO   ] Loaded manifest v1.1 — Certus Diagnostics Medical Knowledge Base
[2026-08-10 10:54:20] [INFO   ] Job queue: 3 jobs across 1 topics (filtered from manifest)
[2026-08-10 10:54:20] [INFO   ] [KB-000019] [cleveland] SEARCHING — Query: eGFR test kidney function
[2026-08-10 10:54:21] [INFO   ] [KB-000019] [cleveland] DOWNLOADING — URL: https://my.clevelandclinic.org/health/diseases/17957-cyclosporiasis
[2026-08-10 10:54:21] [INFO   ] [KB-000019] [cleveland] EXTRACTING
[2026-08-10 10:54:21] [INFO   ] [KB-000019] [cleveland] CONVERTING
[2026-08-10 10:54:21] [INFO   ] [KB-000019] [cleveland] VALIDATING
[2026-08-10 10:54:21] [INFO   ] [KB-000019] [cleveland] FAILED — Quality check failed: No topic keywords found in text, No markdown headings found
[2026-08-10 10:54:21] [INFO   ] [KB-000019] [mayo] SEARCHING — Query: Glomerular filtration rate GFR test
[2026-08-10 10:54:22] [INFO   ] [KB-000019] [mayo] DOWNLOADING — URL: https://www.mayoclinic.org/
[2026-08-10 10:54:22] [WARNING] Download attempt 1/3 failed for https://www.mayoclinic.org/: 403 Client Error: Forbidden for url: https://www.mayoclinic.org/
[2026-08-10 10:54:24] [WARNING] Download attempt 2/3 failed for https://www.mayoclinic.org/: 403 Client Error: Forbidden for url: https://www.mayoclinic.org/
[2026-08-10 10:54:26] [WARNING] Download attempt 3/3 failed for https://www.mayoclinic.org/: 403 Client Error: Forbidden for url: https://www.mayoclinic.org/
[2026-08-10 10:54:26] [INFO   ] [KB-000019] [mayo] FAILED — Download error: Failed after 3 attempts: 403 Client Error: Forbidden for url: https://www.mayoclinic.org/
[2026-08-10 10:54:26] [INFO   ] [KB-000019] [niddk] SEARCHING — Query: Estimated GFR glomerular filtration rate
[2026-08-10 10:54:28] [INFO   ] [KB-000019] [niddk] DOWNLOADING — URL: https://www.niddk.nih.gov/
[2026-08-10 10:54:28] [INFO   ] [KB-000019] [niddk] EXTRACTING
[2026-08-10 10:54:28] [INFO   ] [KB-000019] [niddk] CONVERTING
[2026-08-10 10:54:28] [INFO   ] [KB-000019] [niddk] VALIDATING
[2026-08-10 10:54:28] [INFO   ] [KB-000019] [niddk] FAILED — Quality check failed: Word count too low (142 < 300), No topic keywords found in text, No markdown headings found
[2026-08-10 10:54:28] [INFO   ] ======================================================================
[2026-08-10 10:54:28] [INFO   ] SCRAPER RUN COMPLETE
[2026-08-10 10:54:28] [INFO   ]   Total jobs:   3
[2026-08-10 10:54:28] [INFO   ]   Scraped:      0
[2026-08-10 10:54:28] [INFO   ]   Skipped:      0
[2026-08-10 10:54:28] [INFO   ]   Failed:       3
[2026-08-10 10:54:28] [INFO   ]   Duration:     8.2s
[2026-08-10 10:54:28] [INFO   ] ======================================================================
