[2026-08-10 11:51:33] [INFO   ] Logger initialized → knowledge_base/logs/scraper_20260810_115133.log
[2026-08-10 11:51:33] [INFO   ] Starting Scraper CLI
[2026-08-10 11:51:33] [INFO   ] Loaded manifest v1.1 — Certus Diagnostics Medical Knowledge Base
[2026-08-10 11:51:33] [INFO   ] Job queue: 3 jobs across 1 topics (filtered from manifest)
[2026-08-10 11:51:33] [INFO   ] [KB-000055] [cleveland] SEARCHING — Query: Hemoglobin blood test Hgb
[2026-08-10 11:51:33] [WARNING] No highly relevant article links found on search page: https://my.clevelandclinic.org/search?q=Hemoglobin+blood+test+Hgb
[2026-08-10 11:51:33] [INFO   ] [KB-000055] [cleveland] FAILED — Search returned no valid URLs
[2026-08-10 11:51:33] [INFO   ] [KB-000055] [mayo] SEARCHING — Query: Hemoglobin test low hemoglobin
[2026-08-10 11:51:33] [ERROR  ] Direct search scrape HTTP error for 'https://www.mayoclinic.org/search/search-results?q=Hemoglobin+test+low+hemoglobin': 403
[2026-08-10 11:51:33] [INFO   ] [KB-000055] [mayo] FAILED — Search returned no valid URLs
[2026-08-10 11:51:33] [INFO   ] [KB-000055] [medlineplus] SEARCHING — Using direct URL: https://medlineplus.gov/lab-tests/hemoglobin-test/
[2026-08-10 11:51:33] [INFO   ] [KB-000055] [medlineplus] DOWNLOADING — URL: https://medlineplus.gov/lab-tests/hemoglobin-test/
[2026-08-10 11:51:34] [INFO   ] [KB-000055] [medlineplus] EXTRACTING
[2026-08-10 11:51:34] [INFO   ] [KB-000055] [medlineplus] CONVERTING
[2026-08-10 11:51:34] [INFO   ] [KB-000055] [medlineplus] VALIDATING
[2026-08-10 11:51:34] [INFO   ] [KB-000055] [medlineplus] COMPLETED — v1 (unchanged) words=1178 duration=1.0s
[2026-08-10 11:51:34] [INFO   ] ======================================================================
[2026-08-10 11:51:34] [INFO   ] SCRAPER RUN COMPLETE
[2026-08-10 11:51:34] [INFO   ]   Total jobs:   3
[2026-08-10 11:51:34] [INFO   ]   Scraped:      1
[2026-08-10 11:51:34] [INFO   ]   Skipped:      0
[2026-08-10 11:51:34] [INFO   ]   Failed:       2
[2026-08-10 11:51:34] [INFO   ]   Duration:     1.8s
[2026-08-10 11:51:34] [INFO   ] ======================================================================
