[2026-08-10 11:32:33] [INFO   ] Logger initialized → knowledge_base/logs/scraper_20260810_113233.log
[2026-08-10 11:32:33] [INFO   ] Starting Scraper CLI
[2026-08-10 11:32:33] [INFO   ] Loaded manifest v1.1 — Certus Diagnostics Medical Knowledge Base
[2026-08-10 11:32:33] [INFO   ] Job queue: 3 jobs across 1 topics (filtered from manifest)
[2026-08-10 11:32:33] [INFO   ] [KB-000013] [ada] SEARCHING — Query: Random blood glucose test diabetes
[2026-08-10 11:32:34] [WARNING] No valid article links found on search page: https://diabetes.org/search?q=Random+blood+glucose+test+diabetes
[2026-08-10 11:32:34] [INFO   ] [KB-000013] [ada] FAILED — Search returned no valid URLs
[2026-08-10 11:32:34] [INFO   ] [KB-000013] [mayo] SEARCHING — Query: Random blood sugar test
[2026-08-10 11:32:34] [ERROR  ] Direct search scrape error for 'https://www.mayoclinic.org/search/search-results?q=Random+blood+sugar+test': 403 Client Error: Forbidden for url: https://www.mayoclinic.org/search/search-results?q=Random+blood+sugar+test
[2026-08-10 11:32:34] [INFO   ] [KB-000013] [mayo] FAILED — Search returned no valid URLs
[2026-08-10 11:32:34] [INFO   ] [KB-000013] [medlineplus] SEARCHING — Using direct URL: https://medlineplus.gov/lab-tests/blood-glucose-test/
[2026-08-10 11:32:34] [INFO   ] [KB-000013] [medlineplus] DOWNLOADING — URL: https://medlineplus.gov/lab-tests/blood-glucose-test/
[2026-08-10 11:32:35] [INFO   ] [KB-000013] [medlineplus] EXTRACTING
[2026-08-10 11:32:35] [INFO   ] [KB-000013] [medlineplus] CONVERTING
[2026-08-10 11:32:35] [INFO   ] [KB-000013] [medlineplus] VALIDATING
[2026-08-10 11:32:35] [INFO   ] [KB-000013] [medlineplus] COMPLETED — v2 (unchanged) words=2592 duration=0.7s
[2026-08-10 11:32:35] [INFO   ] ======================================================================
[2026-08-10 11:32:35] [INFO   ] SCRAPER RUN COMPLETE
[2026-08-10 11:32:35] [INFO   ]   Total jobs:   3
[2026-08-10 11:32:35] [INFO   ]   Scraped:      1
[2026-08-10 11:32:35] [INFO   ]   Skipped:      0
[2026-08-10 11:32:35] [INFO   ]   Failed:       2
[2026-08-10 11:32:35] [INFO   ]   Duration:     1.6s
[2026-08-10 11:32:35] [INFO   ] ======================================================================
