[2026-08-10 10:54:11] [INFO   ] Logger initialized → knowledge_base/logs/scraper_20260810_105411.log
[2026-08-10 10:54:11] [INFO   ] Starting Scraper CLI
[2026-08-10 10:54:11] [INFO   ] Loaded manifest v1.1 — Certus Diagnostics Medical Knowledge Base
[2026-08-10 10:54:11] [INFO   ] Job queue: 3 jobs across 1 topics (filtered from manifest)
[2026-08-10 10:54:11] [INFO   ] [KB-000018] [cleveland] SEARCHING — Query: Creatinine blood test kidney function
[2026-08-10 10:54:12] [INFO   ] [KB-000018] [cleveland] DOWNLOADING — URL: https://my.clevelandclinic.org/health/diseases/17957-cyclosporiasis
[2026-08-10 10:54:12] [INFO   ] [KB-000018] [cleveland] EXTRACTING
[2026-08-10 10:54:12] [INFO   ] [KB-000018] [cleveland] CONVERTING
[2026-08-10 10:54:12] [INFO   ] [KB-000018] [cleveland] VALIDATING
[2026-08-10 10:54:13] [INFO   ] [KB-000018] [cleveland] FAILED — Quality check failed: No topic keywords found in text, No markdown headings found
[2026-08-10 10:54:13] [INFO   ] [KB-000018] [mayo] SEARCHING — Query: Creatinine test
[2026-08-10 10:54:13] [INFO   ] [KB-000018] [mayo] DOWNLOADING — URL: https://www.mayoclinic.org/
[2026-08-10 10:54:13] [WARNING] Download attempt 1/3 failed for https://www.mayoclinic.org/: 403 Client Error: Forbidden for url: https://www.mayoclinic.org/
[2026-08-10 10:54:15] [WARNING] Download attempt 2/3 failed for https://www.mayoclinic.org/: 403 Client Error: Forbidden for url: https://www.mayoclinic.org/
[2026-08-10 10:54:18] [WARNING] Download attempt 3/3 failed for https://www.mayoclinic.org/: 403 Client Error: Forbidden for url: https://www.mayoclinic.org/
[2026-08-10 10:54:18] [INFO   ] [KB-000018] [mayo] FAILED — Download error: Failed after 3 attempts: 403 Client Error: Forbidden for url: https://www.mayoclinic.org/
[2026-08-10 10:54:18] [INFO   ] [KB-000018] [niddk] SEARCHING — Query: Creatinine what is it kidney
[2026-08-10 10:54:19] [INFO   ] [KB-000018] [niddk] DOWNLOADING — URL: https://www.niddk.nih.gov/
[2026-08-10 10:54:20] [INFO   ] [KB-000018] [niddk] EXTRACTING
[2026-08-10 10:54:20] [INFO   ] [KB-000018] [niddk] CONVERTING
[2026-08-10 10:54:20] [INFO   ] [KB-000018] [niddk] VALIDATING
[2026-08-10 10:54:20] [INFO   ] [KB-000018] [niddk] FAILED — Quality check failed: Word count too low (142 < 300), No topic keywords found in text, No markdown headings found
[2026-08-10 10:54:20] [INFO   ] ======================================================================
[2026-08-10 10:54:20] [INFO   ] SCRAPER RUN COMPLETE
[2026-08-10 10:54:20] [INFO   ]   Total jobs:   3
[2026-08-10 10:54:20] [INFO   ]   Scraped:      0
[2026-08-10 10:54:20] [INFO   ]   Skipped:      0
[2026-08-10 10:54:20] [INFO   ]   Failed:       3
[2026-08-10 10:54:20] [INFO   ]   Duration:     8.4s
[2026-08-10 10:54:20] [INFO   ] ======================================================================
