[2026-08-10 11:34:05] [INFO   ] Logger initialized → knowledge_base/logs/scraper_20260810_113405.log
[2026-08-10 11:34:05] [INFO   ] Starting Scraper CLI
[2026-08-10 11:34:05] [INFO   ] Loaded manifest v1.1 — Certus Diagnostics Medical Knowledge Base
[2026-08-10 11:34:05] [INFO   ] Job queue: 3 jobs across 1 topics (filtered from manifest)
[2026-08-10 11:34:05] [INFO   ] [KB-000040] [ada] SEARCHING — Query: LDL cholesterol targets diabetes
[2026-08-10 11:34:08] [WARNING] No valid article links found on search page: https://diabetes.org/search?q=LDL+cholesterol+targets+diabetes
[2026-08-10 11:34:08] [INFO   ] [KB-000040] [ada] FAILED — Search returned no valid URLs
[2026-08-10 11:34:08] [INFO   ] [KB-000040] [mayo] SEARCHING — Query: LDL cholesterol bad cholesterol
[2026-08-10 11:34:08] [ERROR  ] Direct search scrape error for 'https://www.mayoclinic.org/search/search-results?q=LDL+cholesterol+bad+cholesterol': 403 Client Error: Forbidden for url: https://www.mayoclinic.org/search/search-results?q=LDL+cholesterol+bad+cholesterol
[2026-08-10 11:34:08] [INFO   ] [KB-000040] [mayo] FAILED — Search returned no valid URLs
[2026-08-10 11:34:08] [INFO   ] [KB-000040] [medlineplus] SEARCHING — Using direct URL: https://medlineplus.gov/lab-tests/cholesterol-levels/
[2026-08-10 11:34:08] [INFO   ] [KB-000040] [medlineplus] DOWNLOADING — URL: https://medlineplus.gov/lab-tests/cholesterol-levels/
[2026-08-10 11:34:08] [INFO   ] [KB-000040] [medlineplus] EXTRACTING
[2026-08-10 11:34:08] [INFO   ] [KB-000040] [medlineplus] CONVERTING
[2026-08-10 11:34:08] [INFO   ] [KB-000040] [medlineplus] VALIDATING
[2026-08-10 11:34:08] [INFO   ] [KB-000040] [medlineplus] COMPLETED — v1 (new) words=2063 duration=0.6s
[2026-08-10 11:34:08] [INFO   ] ======================================================================
[2026-08-10 11:34:08] [INFO   ] SCRAPER RUN COMPLETE
[2026-08-10 11:34:08] [INFO   ]   Total jobs:   3
[2026-08-10 11:34:08] [INFO   ]   Scraped:      1
[2026-08-10 11:34:08] [INFO   ]   Skipped:      0
[2026-08-10 11:34:08] [INFO   ]   Failed:       2
[2026-08-10 11:34:08] [INFO   ]   Duration:     3.5s
[2026-08-10 11:34:08] [INFO   ] ======================================================================
