[2026-08-10 11:18:25] [INFO   ] Logger initialized → knowledge_base/logs/scraper_20260810_111825.log
[2026-08-10 11:18:25] [INFO   ] Starting Scraper CLI
[2026-08-10 11:18:25] [INFO   ] Loaded manifest v1.1 — Certus Diagnostics Medical Knowledge Base
[2026-08-10 11:18:25] [INFO   ] Job queue: 3 jobs across 1 topics (filtered from manifest)
[2026-08-10 11:18:25] [INFO   ] [KB-000070] [ada] SEARCHING — Query: Cardiovascular disease diabetes
[2026-08-10 11:18:27] [WARNING] No valid article links found on search page: https://diabetes.org/search?q=Cardiovascular+disease+diabetes
[2026-08-10 11:18:27] [INFO   ] [KB-000070] [ada] FAILED — Search returned no valid URLs
[2026-08-10 11:18:27] [INFO   ] [KB-000070] [cdc] SEARCHING — Query: Diabetes and heart disease
[2026-08-10 11:18:28] [WARNING] No valid article links found on search page: https://search.cdc.gov/search/?query=Diabetes+and+heart+disease
[2026-08-10 11:18:28] [INFO   ] [KB-000070] [cdc] FAILED — Search returned no valid URLs
[2026-08-10 11:18:28] [INFO   ] [KB-000070] [mayo] SEARCHING — Query: Diabetes and heart disease risk
[2026-08-10 11:18:28] [ERROR  ] Direct search scrape error for 'https://www.mayoclinic.org/search/search-results?q=Diabetes+and+heart+disease+risk': 403 Client Error: Forbidden for url: https://www.mayoclinic.org/search/search-results?q=Diabetes+and+heart+disease+risk
[2026-08-10 11:18:28] [INFO   ] [KB-000070] [mayo] FAILED — Search returned no valid URLs
[2026-08-10 11:18:28] [INFO   ] ======================================================================
[2026-08-10 11:18:28] [INFO   ] SCRAPER RUN COMPLETE
[2026-08-10 11:18:28] [INFO   ]   Total jobs:   3
[2026-08-10 11:18:28] [INFO   ]   Scraped:      0
[2026-08-10 11:18:28] [INFO   ]   Skipped:      0
[2026-08-10 11:18:28] [INFO   ]   Failed:       3
[2026-08-10 11:18:28] [INFO   ]   Duration:     3.1s
[2026-08-10 11:18:28] [INFO   ] ======================================================================
