[2026-08-10 11:35:32] [INFO   ] Logger initialized → knowledge_base/logs/scraper_20260810_113532.log
[2026-08-10 11:35:32] [INFO   ] Starting Scraper CLI
[2026-08-10 11:35:32] [INFO   ] Loaded manifest v1.1 — Certus Diagnostics Medical Knowledge Base
[2026-08-10 11:35:32] [INFO   ] Job queue: 3 jobs across 1 topics (filtered from manifest)
[2026-08-10 11:35:32] [INFO   ] [KB-000071] [ada] SEARCHING — Query: High blood pressure diabetes
[2026-08-10 11:35:34] [WARNING] No valid article links found on search page: https://diabetes.org/search?q=High+blood+pressure+diabetes
[2026-08-10 11:35:34] [INFO   ] [KB-000071] [ada] FAILED — Search returned no valid URLs
[2026-08-10 11:35:34] [INFO   ] [KB-000071] [cdc] SEARCHING — Using direct URL: https://www.cdc.gov/bloodpressure/about.htm
[2026-08-10 11:35:34] [INFO   ] [KB-000071] [cdc] DOWNLOADING — URL: https://www.cdc.gov/bloodpressure/about.htm
[2026-08-10 11:35:34] [WARNING] Download attempt 1/3 failed for https://www.cdc.gov/bloodpressure/about.htm: 403 Client Error: Forbidden for url: https://www.cdc.gov/bloodpressure/about.htm
[2026-08-10 11:35:40] [WARNING] Download attempt 2/3 failed for https://www.cdc.gov/bloodpressure/about.htm: 403 Client Error: Forbidden for url: https://www.cdc.gov/bloodpressure/about.htm
[2026-08-10 11:35:45] [WARNING] Download attempt 3/3 failed for https://www.cdc.gov/bloodpressure/about.htm: 403 Client Error: Forbidden for url: https://www.cdc.gov/bloodpressure/about.htm
[2026-08-10 11:35:45] [INFO   ] [KB-000071] [cdc] FAILED — Download error: Failed after 3 attempts: 403 Client Error: Forbidden for url: https://www.cdc.gov/bloodpressure/about.htm
[2026-08-10 11:35:45] [INFO   ] [KB-000071] [mayo] SEARCHING — Query: High blood pressure symptoms causes
[2026-08-10 11:35:45] [ERROR  ] Direct search scrape error for 'https://www.mayoclinic.org/search/search-results?q=High+blood+pressure+symptoms+causes': 403 Client Error: Forbidden for url: https://www.mayoclinic.org/search/search-results?q=High+blood+pressure+symptoms+causes
[2026-08-10 11:35:45] [INFO   ] [KB-000071] [mayo] FAILED — Search returned no valid URLs
[2026-08-10 11:35:45] [INFO   ] ======================================================================
[2026-08-10 11:35:45] [INFO   ] SCRAPER RUN COMPLETE
[2026-08-10 11:35:45] [INFO   ]   Total jobs:   3
[2026-08-10 11:35:45] [INFO   ]   Scraped:      0
[2026-08-10 11:35:45] [INFO   ]   Skipped:      0
[2026-08-10 11:35:45] [INFO   ]   Failed:       3
[2026-08-10 11:35:45] [INFO   ]   Duration:     13.0s
[2026-08-10 11:35:45] [INFO   ] ======================================================================
