[2026-08-10 11:17:52] [INFO   ] Logger initialized → knowledge_base/logs/scraper_20260810_111752.log
[2026-08-10 11:17:52] [INFO   ] Starting Scraper CLI
[2026-08-10 11:17:52] [INFO   ] Loaded manifest v1.1 — Certus Diagnostics Medical Knowledge Base
[2026-08-10 11:17:52] [INFO   ] Job queue: 3 jobs across 1 topics (filtered from manifest)
[2026-08-10 11:17:52] [INFO   ] [KB-000020] [cleveland] SEARCHING — Query: Blood urea nitrogen BUN test
[2026-08-10 11:17:52] [INFO   ] [KB-000020] [cleveland] DOWNLOADING — URL: https://my.clevelandclinic.org/health/diseases/17957-cyclosporiasis
[2026-08-10 11:17:53] [INFO   ] [KB-000020] [cleveland] EXTRACTING
[2026-08-10 11:17:53] [INFO   ] [KB-000020] [cleveland] CONVERTING
[2026-08-10 11:17:53] [INFO   ] [KB-000020] [cleveland] VALIDATING
[2026-08-10 11:17:53] [INFO   ] [KB-000020] [cleveland] FAILED — Quality check failed: No topic keywords found in text, No markdown headings found
[2026-08-10 11:17:53] [INFO   ] [KB-000020] [mayo] SEARCHING — Query: Blood urea nitrogen test
[2026-08-10 11:17:53] [ERROR  ] Direct search scrape error for 'https://www.mayoclinic.org/search/search-results?q=Blood+urea+nitrogen+test': 403 Client Error: Forbidden for url: https://www.mayoclinic.org/search/search-results?q=Blood+urea+nitrogen+test
[2026-08-10 11:17:53] [INFO   ] [KB-000020] [mayo] FAILED — Search returned no valid URLs
[2026-08-10 11:17:53] [INFO   ] [KB-000020] [medlineplus] SEARCHING — Query: BUN blood urea nitrogen test
[2026-08-10 11:17:55] [INFO   ] [KB-000020] [medlineplus] DOWNLOADING — URL: https://medlineplus.gov/lab-tests/bun-blood-urea-nitrogen/
[2026-08-10 11:17:56] [INFO   ] [KB-000020] [medlineplus] EXTRACTING
[2026-08-10 11:17:56] [INFO   ] [KB-000020] [medlineplus] CONVERTING
[2026-08-10 11:17:56] [INFO   ] [KB-000020] [medlineplus] VALIDATING
[2026-08-10 11:17:56] [INFO   ] [KB-000020] [medlineplus] COMPLETED — v1 (new) words=1066 duration=2.9s
[2026-08-10 11:17:56] [INFO   ] ======================================================================
[2026-08-10 11:17:56] [INFO   ] SCRAPER RUN COMPLETE
[2026-08-10 11:17:56] [INFO   ]   Total jobs:   3
[2026-08-10 11:17:56] [INFO   ]   Scraped:      1
[2026-08-10 11:17:56] [INFO   ]   Skipped:      0
[2026-08-10 11:17:56] [INFO   ]   Failed:       2
[2026-08-10 11:17:56] [INFO   ]   Duration:     4.1s
[2026-08-10 11:17:56] [INFO   ] ======================================================================
