[2026-08-10 11:17:13] [INFO   ] Logger initialized → knowledge_base/logs/scraper_20260810_111713.log
[2026-08-10 11:17:13] [INFO   ] Starting Scraper CLI
[2026-08-10 11:17:13] [INFO   ] Loaded manifest v1.1 — Certus Diagnostics Medical Knowledge Base
[2026-08-10 11:17:13] [INFO   ] Job queue: 3 jobs across 1 topics (filtered from manifest)
[2026-08-10 11:17:13] [INFO   ] [KB-000002] [ada] SEARCHING — Query: Type 1 diabetes
[2026-08-10 11:17:15] [WARNING] No valid article links found on search page: https://diabetes.org/search?q=Type+1+diabetes
[2026-08-10 11:17:15] [INFO   ] [KB-000002] [ada] FAILED — Search returned no valid URLs
[2026-08-10 11:17:15] [INFO   ] [KB-000002] [mayo] SEARCHING — Query: Type 1 diabetes symptoms causes
[2026-08-10 11:17:15] [ERROR  ] Direct search scrape error for 'https://www.mayoclinic.org/search/search-results?q=Type+1+diabetes+symptoms+causes': 403 Client Error: Forbidden for url: https://www.mayoclinic.org/search/search-results?q=Type+1+diabetes+symptoms+causes
[2026-08-10 11:17:15] [INFO   ] [KB-000002] [mayo] FAILED — Search returned no valid URLs
[2026-08-10 11:17:15] [INFO   ] [KB-000002] [niddk] SEARCHING — Query: What is type 1 diabetes
[2026-08-10 11:17:17] [INFO   ] [KB-000002] [niddk] DOWNLOADING — URL: https://www.niddk.nih.gov/health-information/diabetes/overview/what-is-diabetes
[2026-08-10 11:17:17] [INFO   ] [KB-000002] [niddk] EXTRACTING
[2026-08-10 11:17:17] [INFO   ] [KB-000002] [niddk] CONVERTING
[2026-08-10 11:17:17] [INFO   ] [KB-000002] [niddk] VALIDATING
[2026-08-10 11:17:17] [INFO   ] [KB-000002] [niddk] COMPLETED — v1 (new) words=738 duration=2.5s
[2026-08-10 11:17:17] [INFO   ] ======================================================================
[2026-08-10 11:17:17] [INFO   ] SCRAPER RUN COMPLETE
[2026-08-10 11:17:17] [INFO   ]   Total jobs:   3
[2026-08-10 11:17:17] [INFO   ]   Scraped:      1
[2026-08-10 11:17:17] [INFO   ]   Skipped:      0
[2026-08-10 11:17:17] [INFO   ]   Failed:       2
[2026-08-10 11:17:17] [INFO   ]   Duration:     4.3s
[2026-08-10 11:17:17] [INFO   ] ======================================================================
