[2026-08-10 06:47:56] [INFO   ] Logger initialized → knowledge_base/logs/scraper_20260810_064756.log
[2026-08-10 06:47:56] [INFO   ] Starting Scraper CLI
[2026-08-10 06:47:56] [INFO   ] Loaded manifest v1.1 — Certus Diagnostics Medical Knowledge Base
[2026-08-10 06:47:56] [INFO   ] Job queue: 3 jobs across 1 topics (filtered from manifest)
[2026-08-10 06:47:56] [INFO   ] [KB-000007] [ada] SEARCHING — Query: Insulin resistance
[2026-08-10 06:47:59] [INFO   ] [KB-000007] [ada] DOWNLOADING — URL: https://professional.diabetes.org/
[2026-08-10 06:48:00] [INFO   ] [KB-000007] [ada] EXTRACTING
[2026-08-10 06:48:00] [INFO   ] [KB-000007] [ada] CONVERTING
[2026-08-10 06:48:00] [INFO   ] [KB-000007] [ada] VALIDATING
[2026-08-10 06:48:00] [INFO   ] [KB-000007] [ada] FAILED — Quality check failed: No topic keywords found in text, No markdown headings found
[2026-08-10 06:48:00] [INFO   ] [KB-000007] [mayo] SEARCHING — Query: Insulin resistance metabolic syndrome
[2026-08-10 06:48:01] [INFO   ] [KB-000007] [mayo] DOWNLOADING — URL: https://www.mayoclinic.org/
[2026-08-10 06:48:02] [WARNING] Download attempt 1/3 failed for https://www.mayoclinic.org/: 403 Client Error: Forbidden for url: https://www.mayoclinic.org/
[2026-08-10 06:48:04] [WARNING] Download attempt 2/3 failed for https://www.mayoclinic.org/: 403 Client Error: Forbidden for url: https://www.mayoclinic.org/
[2026-08-10 06:48:07] [WARNING] Download attempt 3/3 failed for https://www.mayoclinic.org/: 403 Client Error: Forbidden for url: https://www.mayoclinic.org/
[2026-08-10 06:48:07] [INFO   ] [KB-000007] [mayo] FAILED — Download error: Failed after 3 attempts: 403 Client Error: Forbidden for url: https://www.mayoclinic.org/
[2026-08-10 06:48:07] [INFO   ] [KB-000007] [niddk] SEARCHING — Query: Insulin resistance and prediabetes
[2026-08-10 06:48:09] [INFO   ] [KB-000007] [niddk] DOWNLOADING — URL: https://www.niddk.nih.gov/
[2026-08-10 06:48:11] [INFO   ] [KB-000007] [niddk] EXTRACTING
[2026-08-10 06:48:11] [INFO   ] [KB-000007] [niddk] CONVERTING
[2026-08-10 06:48:11] [INFO   ] [KB-000007] [niddk] VALIDATING
[2026-08-10 06:48:11] [INFO   ] [KB-000007] [niddk] FAILED — Quality check failed: Word count too low (142 < 300), No topic keywords found in text, No markdown headings found
[2026-08-10 06:48:11] [INFO   ] ======================================================================
[2026-08-10 06:48:11] [INFO   ] SCRAPER RUN COMPLETE
[2026-08-10 06:48:11] [INFO   ]   Total jobs:   3
[2026-08-10 06:48:11] [INFO   ]   Scraped:      0
[2026-08-10 06:48:11] [INFO   ]   Skipped:      0
[2026-08-10 06:48:11] [INFO   ]   Failed:       3
[2026-08-10 06:48:11] [INFO   ]   Duration:     14.6s
[2026-08-10 06:48:11] [INFO   ] ======================================================================
