[2026-08-10 11:34:41] [INFO   ] Logger initialized → knowledge_base/logs/scraper_20260810_113441.log
[2026-08-10 11:34:41] [INFO   ] Starting Scraper CLI
[2026-08-10 11:34:41] [INFO   ] Loaded manifest v1.1 — Certus Diagnostics Medical Knowledge Base
[2026-08-10 11:34:41] [INFO   ] Job queue: 3 jobs across 1 topics (filtered from manifest)
[2026-08-10 11:34:41] [INFO   ] [KB-000059] [cleveland] SEARCHING — Query: Platelet count test PLT
[2026-08-10 11:34:41] [INFO   ] [KB-000059] [cleveland] DOWNLOADING — URL: https://my.clevelandclinic.org/health/diseases/17957-cyclosporiasis
[2026-08-10 11:34:42] [INFO   ] [KB-000059] [cleveland] EXTRACTING
[2026-08-10 11:34:42] [INFO   ] [KB-000059] [cleveland] CONVERTING
[2026-08-10 11:34:42] [INFO   ] [KB-000059] [cleveland] VALIDATING
[2026-08-10 11:34:42] [INFO   ] [KB-000059] [cleveland] FAILED — Quality check failed: No topic keywords found in text, No markdown headings found
[2026-08-10 11:34:42] [INFO   ] [KB-000059] [mayo] SEARCHING — Query: Platelet count test thrombocytes
[2026-08-10 11:34:42] [ERROR  ] Direct search scrape error for 'https://www.mayoclinic.org/search/search-results?q=Platelet+count+test+thrombocytes': 403 Client Error: Forbidden for url: https://www.mayoclinic.org/search/search-results?q=Platelet+count+test+thrombocytes
[2026-08-10 11:34:42] [INFO   ] [KB-000059] [mayo] FAILED — Search returned no valid URLs
[2026-08-10 11:34:42] [INFO   ] [KB-000059] [medlineplus] SEARCHING — Using direct URL: https://medlineplus.gov/lab-tests/platelet-count/
[2026-08-10 11:34:42] [INFO   ] [KB-000059] [medlineplus] DOWNLOADING — URL: https://medlineplus.gov/lab-tests/platelet-count/
[2026-08-10 11:34:44] [WARNING] Download attempt 1/3 failed for https://medlineplus.gov/lab-tests/platelet-count/: 404 Client Error: Not Found for url: https://medlineplus.gov/lab-tests/platelet-count/
[2026-08-10 11:34:50] [WARNING] Download attempt 2/3 failed for https://medlineplus.gov/lab-tests/platelet-count/: 404 Client Error: Not Found for url: https://medlineplus.gov/lab-tests/platelet-count/
[2026-08-10 11:34:57] [WARNING] Download attempt 3/3 failed for https://medlineplus.gov/lab-tests/platelet-count/: 404 Client Error: Not Found for url: https://medlineplus.gov/lab-tests/platelet-count/
[2026-08-10 11:34:57] [INFO   ] [KB-000059] [medlineplus] FAILED — Download error: Failed after 3 attempts: 404 Client Error: Not Found for url: https://medlineplus.gov/lab-tests/platelet-count/
[2026-08-10 11:34:57] [INFO   ] ======================================================================
[2026-08-10 11:34:57] [INFO   ] SCRAPER RUN COMPLETE
[2026-08-10 11:34:57] [INFO   ]   Total jobs:   3
[2026-08-10 11:34:57] [INFO   ]   Scraped:      0
[2026-08-10 11:34:57] [INFO   ]   Skipped:      0
[2026-08-10 11:34:57] [INFO   ]   Failed:       3
[2026-08-10 11:34:57] [INFO   ]   Duration:     16.0s
[2026-08-10 11:34:57] [INFO   ] ======================================================================
