[2026-08-10 11:31:40] [INFO   ] Logger initialized → knowledge_base/logs/scraper_20260810_113140.log
[2026-08-10 11:31:40] [INFO   ] Starting Scraper CLI
[2026-08-10 11:31:40] [INFO   ] Loaded manifest v1.1 — Certus Diagnostics Medical Knowledge Base
[2026-08-10 11:31:40] [INFO   ] Job queue: 3 jobs across 1 topics (filtered from manifest)
[2026-08-10 11:31:40] [INFO   ] [KB-000002] [ada] SEARCHING — Using direct URL: https://diabetes.org/about-diabetes/type-1
[2026-08-10 11:31:40] [INFO   ] [KB-000002] [ada] DOWNLOADING — URL: https://diabetes.org/about-diabetes/type-1
[2026-08-10 11:31:41] [INFO   ] [KB-000002] [ada] EXTRACTING
[2026-08-10 11:31:41] [INFO   ] [KB-000002] [ada] CONVERTING
[2026-08-10 11:31:41] [INFO   ] [KB-000002] [ada] VALIDATING
[2026-08-10 11:31:41] [INFO   ] [KB-000002] [ada] COMPLETED — v1 (unchanged) words=1454 duration=1.7s
[2026-08-10 11:31:41] [INFO   ] [KB-000002] [mayo] SEARCHING — Using direct URL: https://www.mayoclinic.org/diseases-conditions/type-1-diabetes/symptoms-causes/syc-20353011
[2026-08-10 11:31:41] [INFO   ] [KB-000002] [mayo] DOWNLOADING — URL: https://www.mayoclinic.org/diseases-conditions/type-1-diabetes/symptoms-causes/syc-20353011
[2026-08-10 11:31:41] [WARNING] Download attempt 1/3 failed for https://www.mayoclinic.org/diseases-conditions/type-1-diabetes/symptoms-causes/syc-20353011: 403 Client Error: Forbidden for url: https://www.mayoclinic.org/diseases-conditions/type-1-diabetes/symptoms-causes/syc-20353011
[2026-08-10 11:31:47] [WARNING] Download attempt 2/3 failed for https://www.mayoclinic.org/diseases-conditions/type-1-diabetes/symptoms-causes/syc-20353011: 403 Client Error: Forbidden for url: https://www.mayoclinic.org/diseases-conditions/type-1-diabetes/symptoms-causes/syc-20353011
[2026-08-10 11:31:52] [WARNING] Download attempt 3/3 failed for https://www.mayoclinic.org/diseases-conditions/type-1-diabetes/symptoms-causes/syc-20353011: 403 Client Error: Forbidden for url: https://www.mayoclinic.org/diseases-conditions/type-1-diabetes/symptoms-causes/syc-20353011
[2026-08-10 11:31:52] [INFO   ] [KB-000002] [mayo] FAILED — Download error: Failed after 3 attempts: 403 Client Error: Forbidden for url: https://www.mayoclinic.org/diseases-conditions/type-1-diabetes/symptoms-causes/syc-20353011
[2026-08-10 11:31:52] [INFO   ] [KB-000002] [niddk] SEARCHING — Using direct URL: https://www.niddk.nih.gov/health-information/diabetes/overview/what-is-diabetes/type-1-diabetes
[2026-08-10 11:31:52] [INFO   ] [KB-000002] [niddk] DOWNLOADING — URL: https://www.niddk.nih.gov/health-information/diabetes/overview/what-is-diabetes/type-1-diabetes
[2026-08-10 11:31:52] [INFO   ] [KB-000002] [niddk] EXTRACTING
[2026-08-10 11:31:52] [INFO   ] [KB-000002] [niddk] CONVERTING
[2026-08-10 11:31:52] [INFO   ] [KB-000002] [niddk] VALIDATING
[2026-08-10 11:31:52] [INFO   ] [KB-000002] [niddk] COMPLETED — v2 (unchanged) words=3204 duration=0.5s
[2026-08-10 11:31:52] [INFO   ] ======================================================================
[2026-08-10 11:31:52] [INFO   ] SCRAPER RUN COMPLETE
[2026-08-10 11:31:52] [INFO   ]   Total jobs:   3
[2026-08-10 11:31:52] [INFO   ]   Scraped:      2
[2026-08-10 11:31:52] [INFO   ]   Skipped:      0
[2026-08-10 11:31:52] [INFO   ]   Failed:       1
[2026-08-10 11:31:52] [INFO   ]   Duration:     12.5s
[2026-08-10 11:31:52] [INFO   ] ======================================================================
