[2026-08-10 11:56:35] [INFO   ] Logger initialized → knowledge_base/logs/scraper_20260810_115635.log
[2026-08-10 11:56:35] [INFO   ] Starting Scraper CLI
[2026-08-10 11:56:35] [INFO   ] Loaded manifest v1.1 — Certus Diagnostics Medical Knowledge Base
[2026-08-10 11:56:35] [INFO   ] Job queue: 3 jobs across 1 topics (filtered from manifest)
[2026-08-10 11:56:35] [INFO   ] [KB-000018] [cleveland] SEARCHING — Using direct URL: https://my.clevelandclinic.org/health/diagnostics/16728-creatinine-test
[2026-08-10 11:56:35] [INFO   ] [KB-000018] [cleveland] DOWNLOADING — URL: https://my.clevelandclinic.org/health/diagnostics/16728-creatinine-test
[2026-08-10 11:56:36] [WARNING] Download aborted for https://my.clevelandclinic.org/health/diagnostics/16728-creatinine-test: NOT_FOUND_404
[2026-08-10 11:56:36] [INFO   ] [KB-000018] [cleveland] FAILED — Download error: NOT_FOUND_404
[2026-08-10 11:56:36] [INFO   ] [KB-000018] [mayo] SEARCHING — Using direct URL: https://www.mayoclinic.org/tests-procedures/creatinine-test/about/pac-20384646
[2026-08-10 11:56:36] [INFO   ] [KB-000018] [mayo] DOWNLOADING — URL: https://www.mayoclinic.org/tests-procedures/creatinine-test/about/pac-20384646
[2026-08-10 11:56:36] [WARNING] Download aborted for https://www.mayoclinic.org/tests-procedures/creatinine-test/about/pac-20384646: BLOCKED_403
[2026-08-10 11:56:36] [INFO   ] [KB-000018] [mayo] FAILED — Download error: BLOCKED_403
[2026-08-10 11:56:36] [INFO   ] [KB-000018] [niddk] SEARCHING — Query: Creatinine what is it kidney
[2026-08-10 11:56:38] [INFO   ] [KB-000018] [niddk] DOWNLOADING — URL: https://www.niddk.nih.gov/health-information/kidney-disease/high-blood-pressure
[2026-08-10 11:56:39] [INFO   ] [KB-000018] [niddk] EXTRACTING
[2026-08-10 11:56:39] [INFO   ] [KB-000018] [niddk] CONVERTING
[2026-08-10 11:56:39] [INFO   ] [KB-000018] [niddk] VALIDATING
[2026-08-10 11:56:39] [INFO   ] [KB-000018] [niddk] FAILED — Quality check failed: No topic keywords found in text, No markdown headings found
[2026-08-10 11:56:39] [INFO   ] [KB-000018] [niddk] DOWNLOADING — URL: https://www.niddk.nih.gov/health-information/kidney-disease/chronic-kidney-disease-ckd/tests-diagnosis
[2026-08-10 11:56:40] [INFO   ] [KB-000018] [niddk] EXTRACTING
[2026-08-10 11:56:40] [INFO   ] [KB-000018] [niddk] CONVERTING
[2026-08-10 11:56:40] [INFO   ] [KB-000018] [niddk] VALIDATING
[2026-08-10 11:56:40] [INFO   ] [KB-000018] [niddk] COMPLETED — v4 (new) words=791 duration=3.9s
[2026-08-10 11:56:40] [INFO   ] ======================================================================
[2026-08-10 11:56:40] [INFO   ] SCRAPER RUN COMPLETE
[2026-08-10 11:56:40] [INFO   ]   Total jobs:   3
[2026-08-10 11:56:40] [INFO   ]   Scraped:      1
[2026-08-10 11:56:40] [INFO   ]   Skipped:      0
[2026-08-10 11:56:40] [INFO   ]   Failed:       2
[2026-08-10 11:56:40] [INFO   ]   Duration:     4.8s
[2026-08-10 11:56:40] [INFO   ] ======================================================================
