[2026-08-10 11:24:54] [INFO   ] Logger initialized → knowledge_base/logs/scraper_20260810_112454.log
[2026-08-10 11:24:54] [INFO   ] Starting Scraper CLI
[2026-08-10 11:24:54] [INFO   ] Loaded manifest v1.1 — Certus Diagnostics Medical Knowledge Base
[2026-08-10 11:24:54] [INFO   ] [KB-000002] [niddk] Already scraped — skipping
[2026-08-10 11:24:54] [INFO   ] Job queue: 2 jobs across 1 topics (filtered from manifest)
[2026-08-10 11:24:54] [INFO   ] [KB-000002] [ada] SEARCHING — Using direct URL: https://diabetes.org/about-diabetes/type-1
[2026-08-10 11:24:54] [INFO   ] [KB-000002] [ada] DOWNLOADING — URL: https://diabetes.org/about-diabetes/type-1
[2026-08-10 11:24:54] [INFO   ] [KB-000002] [ada] EXTRACTING
[2026-08-10 11:24:55] [INFO   ] [KB-000002] [ada] CONVERTING
[2026-08-10 11:24:55] [INFO   ] [KB-000002] [ada] VALIDATING
[2026-08-10 11:24:55] [INFO   ] [KB-000002] [ada] COMPLETED — v1 (new) words=1454 duration=1.1s
[2026-08-10 11:24:55] [INFO   ] [KB-000002] [mayo] SEARCHING — Using direct URL: https://www.mayoclinic.org/diseases-conditions/type-1-diabetes/symptoms-causes/syc-20353011
[2026-08-10 11:24:55] [INFO   ] [KB-000002] [mayo] DOWNLOADING — URL: https://www.mayoclinic.org/diseases-conditions/type-1-diabetes/symptoms-causes/syc-20353011
[2026-08-10 11:24:55] [WARNING] Download attempt 1/3 failed for https://www.mayoclinic.org/diseases-conditions/type-1-diabetes/symptoms-causes/syc-20353011: 403 Client Error: Forbidden for url: https://www.mayoclinic.org/diseases-conditions/type-1-diabetes/symptoms-causes/syc-20353011
[2026-08-10 11:24:57] [WARNING] Download attempt 2/3 failed for https://www.mayoclinic.org/diseases-conditions/type-1-diabetes/symptoms-causes/syc-20353011: 403 Client Error: Forbidden for url: https://www.mayoclinic.org/diseases-conditions/type-1-diabetes/symptoms-causes/syc-20353011
[2026-08-10 11:24:59] [WARNING] Download attempt 3/3 failed for https://www.mayoclinic.org/diseases-conditions/type-1-diabetes/symptoms-causes/syc-20353011: 403 Client Error: Forbidden for url: https://www.mayoclinic.org/diseases-conditions/type-1-diabetes/symptoms-causes/syc-20353011
[2026-08-10 11:24:59] [INFO   ] [KB-000002] [mayo] FAILED — Download error: Failed after 3 attempts: 403 Client Error: Forbidden for url: https://www.mayoclinic.org/diseases-conditions/type-1-diabetes/symptoms-causes/syc-20353011
[2026-08-10 11:24:59] [INFO   ] ======================================================================
[2026-08-10 11:24:59] [INFO   ] SCRAPER RUN COMPLETE
[2026-08-10 11:24:59] [INFO   ]   Total jobs:   2
[2026-08-10 11:24:59] [INFO   ]   Scraped:      1
[2026-08-10 11:24:59] [INFO   ]   Skipped:      0
[2026-08-10 11:24:59] [INFO   ]   Failed:       1
[2026-08-10 11:24:59] [INFO   ]   Duration:     5.5s
[2026-08-10 11:24:59] [INFO   ] ======================================================================
