[2026-08-10 11:13:42] [INFO   ] Logger initialized → knowledge_base/logs/scraper_20260810_111342.log
[2026-08-10 11:13:42] [INFO   ] Starting Scraper CLI
[2026-08-10 11:13:42] [INFO   ] Loaded manifest v1.1 — Certus Diagnostics Medical Knowledge Base
[2026-08-10 11:13:42] [INFO   ] Job queue: 3 jobs across 1 topics (filtered from manifest)
[2026-08-10 11:13:42] [INFO   ] [KB-000013] [ada] SEARCHING — Query: Random blood glucose test diabetes
[2026-08-10 11:13:44] [WARNING] No valid article links found on search page: https://diabetes.org/search?q=Random+blood+glucose+test+diabetes
[2026-08-10 11:13:44] [INFO   ] [KB-000013] [ada] FAILED — Search returned no valid URLs
[2026-08-10 11:13:44] [INFO   ] [KB-000013] [mayo] SEARCHING — Query: Random blood sugar test
[2026-08-10 11:13:44] [ERROR  ] Direct search scrape error for 'https://www.mayoclinic.org/search/search-results?q=Random+blood+sugar+test': 403 Client Error: Forbidden for url: https://www.mayoclinic.org/search/search-results?q=Random+blood+sugar+test
[2026-08-10 11:13:44] [INFO   ] [KB-000013] [mayo] FAILED — Search returned no valid URLs
[2026-08-10 11:13:44] [INFO   ] [KB-000013] [medlineplus] SEARCHING — Query: Blood glucose test random
[2026-08-10 11:13:45] [INFO   ] [KB-000013] [medlineplus] DOWNLOADING — URL: https://medlineplus.gov/ency/article/003482.htm
[2026-08-10 11:13:46] [INFO   ] [KB-000013] [medlineplus] EXTRACTING
[2026-08-10 11:13:46] [INFO   ] [KB-000013] [medlineplus] CONVERTING
[2026-08-10 11:13:46] [INFO   ] [KB-000013] [medlineplus] VALIDATING
[2026-08-10 11:13:47] [INFO   ] [KB-000013] [medlineplus] COMPLETED — v1 (new) words=1195 duration=2.8s
[2026-08-10 11:13:47] [INFO   ] ======================================================================
[2026-08-10 11:13:47] [INFO   ] SCRAPER RUN COMPLETE
[2026-08-10 11:13:47] [INFO   ]   Total jobs:   3
[2026-08-10 11:13:47] [INFO   ]   Scraped:      1
[2026-08-10 11:13:47] [INFO   ]   Skipped:      0
[2026-08-10 11:13:47] [INFO   ]   Failed:       2
[2026-08-10 11:13:47] [INFO   ]   Duration:     4.2s
[2026-08-10 11:13:47] [INFO   ] ======================================================================
