[2026-08-10 11:51:35] [INFO   ] Logger initialized → knowledge_base/logs/scraper_20260810_115135.log
[2026-08-10 11:51:35] [INFO   ] Starting Scraper CLI
[2026-08-10 11:51:35] [INFO   ] Loaded manifest v1.1 — Certus Diagnostics Medical Knowledge Base
[2026-08-10 11:51:35] [INFO   ] Job queue: 3 jobs across 1 topics (filtered from manifest)
[2026-08-10 11:51:35] [INFO   ] [KB-000063] [cleveland] SEARCHING — Query: TSH test thyroid function
[2026-08-10 11:51:35] [WARNING] No highly relevant article links found on search page: https://my.clevelandclinic.org/search?q=TSH+test+thyroid+function
[2026-08-10 11:51:35] [INFO   ] [KB-000063] [cleveland] FAILED — Search returned no valid URLs
[2026-08-10 11:51:35] [INFO   ] [KB-000063] [mayo] SEARCHING — Query: TSH test thyroid stimulating hormone
[2026-08-10 11:51:36] [ERROR  ] Direct search scrape HTTP error for 'https://www.mayoclinic.org/search/search-results?q=TSH+test+thyroid+stimulating+hormone': 403
[2026-08-10 11:51:36] [INFO   ] [KB-000063] [mayo] FAILED — Search returned no valid URLs
[2026-08-10 11:51:36] [INFO   ] [KB-000063] [medlineplus] SEARCHING — Using direct URL: https://medlineplus.gov/lab-tests/tsh-thyroid-stimulating-hormone-test/
[2026-08-10 11:51:36] [INFO   ] [KB-000063] [medlineplus] DOWNLOADING — URL: https://medlineplus.gov/lab-tests/tsh-thyroid-stimulating-hormone-test/
[2026-08-10 11:51:37] [INFO   ] [KB-000063] [medlineplus] EXTRACTING
[2026-08-10 11:51:37] [INFO   ] [KB-000063] [medlineplus] CONVERTING
[2026-08-10 11:51:37] [INFO   ] [KB-000063] [medlineplus] VALIDATING
[2026-08-10 11:51:37] [INFO   ] [KB-000063] [medlineplus] COMPLETED — v1 (unchanged) words=1638 duration=1.2s
[2026-08-10 11:51:37] [INFO   ] ======================================================================
[2026-08-10 11:51:37] [INFO   ] SCRAPER RUN COMPLETE
[2026-08-10 11:51:37] [INFO   ]   Total jobs:   3
[2026-08-10 11:51:37] [INFO   ]   Scraped:      1
[2026-08-10 11:51:37] [INFO   ]   Skipped:      0
[2026-08-10 11:51:37] [INFO   ]   Failed:       2
[2026-08-10 11:51:37] [INFO   ]   Duration:     2.1s
[2026-08-10 11:51:37] [INFO   ] ======================================================================
