[2026-08-10 11:13:35] [INFO   ] Logger initialized → knowledge_base/logs/scraper_20260810_111335.log
[2026-08-10 11:13:35] [INFO   ] Starting Scraper CLI
[2026-08-10 11:13:35] [INFO   ] Loaded manifest v1.1 — Certus Diagnostics Medical Knowledge Base
[2026-08-10 11:13:35] [INFO   ] Job queue: 3 jobs across 1 topics (filtered from manifest)
[2026-08-10 11:13:35] [INFO   ] [KB-000019] [cleveland] SEARCHING — Query: eGFR test kidney function
[2026-08-10 11:13:36] [INFO   ] [KB-000019] [cleveland] DOWNLOADING — URL: https://my.clevelandclinic.org/health/diseases/17957-cyclosporiasis
[2026-08-10 11:13:37] [INFO   ] [KB-000019] [cleveland] EXTRACTING
[2026-08-10 11:13:37] [INFO   ] [KB-000019] [cleveland] CONVERTING
[2026-08-10 11:13:37] [INFO   ] [KB-000019] [cleveland] VALIDATING
[2026-08-10 11:13:37] [INFO   ] [KB-000019] [cleveland] FAILED — Quality check failed: No topic keywords found in text, No markdown headings found
[2026-08-10 11:13:37] [INFO   ] [KB-000019] [mayo] SEARCHING — Query: Glomerular filtration rate GFR test
[2026-08-10 11:13:37] [ERROR  ] Direct search scrape error for 'https://www.mayoclinic.org/search/search-results?q=Glomerular+filtration+rate+GFR+test': 403 Client Error: Forbidden for url: https://www.mayoclinic.org/search/search-results?q=Glomerular+filtration+rate+GFR+test
[2026-08-10 11:13:37] [INFO   ] [KB-000019] [mayo] FAILED — Search returned no valid URLs
[2026-08-10 11:13:37] [INFO   ] [KB-000019] [niddk] SEARCHING — Query: Estimated GFR glomerular filtration rate
[2026-08-10 11:13:39] [INFO   ] [KB-000019] [niddk] DOWNLOADING — URL: https://www.niddk.nih.gov/health-information/professionals/clinical-tools-patient-management/kidney-disease/laboratory-evaluation/estimated-gfr-calculators
[2026-08-10 11:13:39] [INFO   ] [KB-000019] [niddk] EXTRACTING
[2026-08-10 11:13:39] [INFO   ] [KB-000019] [niddk] CONVERTING
[2026-08-10 11:13:39] [INFO   ] [KB-000019] [niddk] VALIDATING
[2026-08-10 11:13:39] [INFO   ] [KB-000019] [niddk] COMPLETED — v2 (unchanged) words=613 duration=2.2s
[2026-08-10 11:13:39] [INFO   ] ======================================================================
[2026-08-10 11:13:39] [INFO   ] SCRAPER RUN COMPLETE
[2026-08-10 11:13:39] [INFO   ]   Total jobs:   3
[2026-08-10 11:13:39] [INFO   ]   Scraped:      1
[2026-08-10 11:13:39] [INFO   ]   Skipped:      0
[2026-08-10 11:13:39] [INFO   ]   Failed:       2
[2026-08-10 11:13:39] [INFO   ]   Duration:     4.3s
[2026-08-10 11:13:39] [INFO   ] ======================================================================
