[2026-08-10 11:51:37] [INFO   ] Logger initialized → knowledge_base/logs/scraper_20260810_115137.log
[2026-08-10 11:51:37] [INFO   ] Starting Scraper CLI
[2026-08-10 11:51:37] [INFO   ] Loaded manifest v1.1 — Certus Diagnostics Medical Knowledge Base
[2026-08-10 11:51:37] [INFO   ] Job queue: 3 jobs across 1 topics (filtered from manifest)
[2026-08-10 11:51:37] [INFO   ] [KB-000049] [cleveland] SEARCHING — Query: Vitamin D blood test deficiency
[2026-08-10 11:51:38] [WARNING] No highly relevant article links found on search page: https://my.clevelandclinic.org/search?q=Vitamin+D+blood+test+deficiency
[2026-08-10 11:51:38] [INFO   ] [KB-000049] [cleveland] FAILED — Search returned no valid URLs
[2026-08-10 11:51:38] [INFO   ] [KB-000049] [mayo] SEARCHING — Query: Vitamin D deficiency
[2026-08-10 11:51:38] [ERROR  ] Direct search scrape HTTP error for 'https://www.mayoclinic.org/search/search-results?q=Vitamin+D+deficiency': 403
[2026-08-10 11:51:38] [INFO   ] [KB-000049] [mayo] FAILED — Search returned no valid URLs
[2026-08-10 11:51:38] [INFO   ] [KB-000049] [medlineplus] SEARCHING — Using direct URL: https://medlineplus.gov/lab-tests/vitamin-d-test/
[2026-08-10 11:51:38] [INFO   ] [KB-000049] [medlineplus] DOWNLOADING — URL: https://medlineplus.gov/lab-tests/vitamin-d-test/
[2026-08-10 11:51:39] [INFO   ] [KB-000049] [medlineplus] EXTRACTING
[2026-08-10 11:51:39] [INFO   ] [KB-000049] [medlineplus] CONVERTING
[2026-08-10 11:51:39] [INFO   ] [KB-000049] [medlineplus] VALIDATING
[2026-08-10 11:51:39] [INFO   ] [KB-000049] [medlineplus] COMPLETED — v3 (unchanged) words=1597 duration=0.7s
[2026-08-10 11:51:39] [INFO   ] ======================================================================
[2026-08-10 11:51:39] [INFO   ] SCRAPER RUN COMPLETE
[2026-08-10 11:51:39] [INFO   ]   Total jobs:   3
[2026-08-10 11:51:39] [INFO   ]   Scraped:      1
[2026-08-10 11:51:39] [INFO   ]   Skipped:      0
[2026-08-10 11:51:39] [INFO   ]   Failed:       2
[2026-08-10 11:51:39] [INFO   ]   Duration:     1.6s
[2026-08-10 11:51:39] [INFO   ] ======================================================================
