[2026-08-10 11:28:57] [INFO   ] Logger initialized → knowledge_base/logs/scraper_20260810_112857.log
[2026-08-10 11:28:57] [INFO   ] Starting Scraper CLI
[2026-08-10 11:28:57] [INFO   ] Loaded manifest v1.1 — Certus Diagnostics Medical Knowledge Base
[2026-08-10 11:28:57] [INFO   ] Job queue: 3 jobs across 1 topics (filtered from manifest)
[2026-08-10 11:28:57] [INFO   ] [KB-000014] [ada] SEARCHING — Query: Oral glucose tolerance test
[2026-08-10 11:28:58] [WARNING] No valid article links found on search page: https://diabetes.org/search?q=Oral+glucose+tolerance+test
[2026-08-10 11:28:58] [INFO   ] [KB-000014] [ada] FAILED — Search returned no valid URLs
[2026-08-10 11:28:58] [INFO   ] [KB-000014] [mayo] SEARCHING — Query: Glucose tolerance test
[2026-08-10 11:28:58] [ERROR  ] Direct search scrape error for 'https://www.mayoclinic.org/search/search-results?q=Glucose+tolerance+test': 403 Client Error: Forbidden for url: https://www.mayoclinic.org/search/search-results?q=Glucose+tolerance+test
[2026-08-10 11:28:58] [INFO   ] [KB-000014] [mayo] FAILED — Search returned no valid URLs
[2026-08-10 11:28:58] [INFO   ] [KB-000014] [medlineplus] SEARCHING — Using direct URL: https://medlineplus.gov/lab-tests/glucose-tolerance-test/
[2026-08-10 11:28:58] [INFO   ] [KB-000014] [medlineplus] DOWNLOADING — URL: https://medlineplus.gov/lab-tests/glucose-tolerance-test/
[2026-08-10 11:28:59] [WARNING] Download attempt 1/3 failed for https://medlineplus.gov/lab-tests/glucose-tolerance-test/: 404 Client Error: Not Found for url: https://medlineplus.gov/lab-tests/glucose-tolerance-test/
[2026-08-10 11:29:02] [WARNING] Download attempt 2/3 failed for https://medlineplus.gov/lab-tests/glucose-tolerance-test/: 404 Client Error: Not Found for url: https://medlineplus.gov/lab-tests/glucose-tolerance-test/
[2026-08-10 11:29:05] [WARNING] Download attempt 3/3 failed for https://medlineplus.gov/lab-tests/glucose-tolerance-test/: 404 Client Error: Not Found for url: https://medlineplus.gov/lab-tests/glucose-tolerance-test/
[2026-08-10 11:29:05] [INFO   ] [KB-000014] [medlineplus] FAILED — Download error: Failed after 3 attempts: 404 Client Error: Not Found for url: https://medlineplus.gov/lab-tests/glucose-tolerance-test/
[2026-08-10 11:29:05] [INFO   ] ======================================================================
[2026-08-10 11:29:05] [INFO   ] SCRAPER RUN COMPLETE
[2026-08-10 11:29:05] [INFO   ]   Total jobs:   3
[2026-08-10 11:29:05] [INFO   ]   Scraped:      0
[2026-08-10 11:29:05] [INFO   ]   Skipped:      0
[2026-08-10 11:29:05] [INFO   ]   Failed:       3
[2026-08-10 11:29:05] [INFO   ]   Duration:     7.6s
[2026-08-10 11:29:05] [INFO   ] ======================================================================
