[2026-08-10 11:34:22] [INFO   ] Logger initialized → knowledge_base/logs/scraper_20260810_113422.log
[2026-08-10 11:34:22] [INFO   ] Starting Scraper CLI
[2026-08-10 11:34:22] [INFO   ] Loaded manifest v1.1 — Certus Diagnostics Medical Knowledge Base
[2026-08-10 11:34:22] [INFO   ] Job queue: 3 jobs across 1 topics (filtered from manifest)
[2026-08-10 11:34:22] [INFO   ] [KB-000057] [cleveland] SEARCHING — Query: Red blood cell count RBC test
[2026-08-10 11:34:23] [INFO   ] [KB-000057] [cleveland] DOWNLOADING — URL: https://my.clevelandclinic.org/health/diseases/17957-cyclosporiasis
[2026-08-10 11:34:23] [INFO   ] [KB-000057] [cleveland] EXTRACTING
[2026-08-10 11:34:24] [INFO   ] [KB-000057] [cleveland] CONVERTING
[2026-08-10 11:34:24] [INFO   ] [KB-000057] [cleveland] VALIDATING
[2026-08-10 11:34:24] [INFO   ] [KB-000057] [cleveland] FAILED — Quality check failed: No topic keywords found in text, No markdown headings found
[2026-08-10 11:34:24] [INFO   ] [KB-000057] [mayo] SEARCHING — Query: Red blood cell count test
[2026-08-10 11:34:24] [ERROR  ] Direct search scrape error for 'https://www.mayoclinic.org/search/search-results?q=Red+blood+cell+count+test': 403 Client Error: Forbidden for url: https://www.mayoclinic.org/search/search-results?q=Red+blood+cell+count+test
[2026-08-10 11:34:24] [INFO   ] [KB-000057] [mayo] FAILED — Search returned no valid URLs
[2026-08-10 11:34:24] [INFO   ] [KB-000057] [medlineplus] SEARCHING — Using direct URL: https://medlineplus.gov/lab-tests/red-blood-cell-rbc-count/
[2026-08-10 11:34:24] [INFO   ] [KB-000057] [medlineplus] DOWNLOADING — URL: https://medlineplus.gov/lab-tests/red-blood-cell-rbc-count/
[2026-08-10 11:34:25] [INFO   ] [KB-000057] [medlineplus] EXTRACTING
[2026-08-10 11:34:25] [INFO   ] [KB-000057] [medlineplus] CONVERTING
[2026-08-10 11:34:25] [INFO   ] [KB-000057] [medlineplus] VALIDATING
[2026-08-10 11:34:25] [INFO   ] [KB-000057] [medlineplus] COMPLETED — v1 (new) words=1192 duration=0.8s
[2026-08-10 11:34:25] [INFO   ] ======================================================================
[2026-08-10 11:34:25] [INFO   ] SCRAPER RUN COMPLETE
[2026-08-10 11:34:25] [INFO   ]   Total jobs:   3
[2026-08-10 11:34:25] [INFO   ]   Scraped:      1
[2026-08-10 11:34:25] [INFO   ]   Skipped:      0
[2026-08-10 11:34:25] [INFO   ]   Failed:       2
[2026-08-10 11:34:25] [INFO   ]   Duration:     2.8s
[2026-08-10 11:34:25] [INFO   ] ======================================================================
