[2026-08-10 11:25:00] [INFO   ] Logger initialized → knowledge_base/logs/scraper_20260810_112500.log
[2026-08-10 11:25:00] [INFO   ] Starting Scraper CLI
[2026-08-10 11:25:00] [INFO   ] Loaded manifest v1.1 — Certus Diagnostics Medical Knowledge Base
[2026-08-10 11:25:00] [INFO   ] [KB-000010] [medlineplus] Already scraped — skipping
[2026-08-10 11:25:00] [INFO   ] Job queue: 2 jobs across 1 topics (filtered from manifest)
[2026-08-10 11:25:00] [INFO   ] [KB-000010] [ada] SEARCHING — Using direct URL: https://diabetes.org/about-diabetes/a1c
[2026-08-10 11:25:00] [INFO   ] [KB-000010] [ada] DOWNLOADING — URL: https://diabetes.org/about-diabetes/a1c
[2026-08-10 11:25:00] [INFO   ] [KB-000010] [ada] EXTRACTING
[2026-08-10 11:25:00] [INFO   ] [KB-000010] [ada] CONVERTING
[2026-08-10 11:25:00] [INFO   ] [KB-000010] [ada] VALIDATING
[2026-08-10 11:25:00] [INFO   ] [KB-000010] [ada] COMPLETED — v5 (new) words=836 duration=0.9s
[2026-08-10 11:25:00] [INFO   ] [KB-000010] [mayo] SEARCHING — Using direct URL: https://www.mayoclinic.org/tests-procedures/a1c-test/about/pac-20384643
[2026-08-10 11:25:00] [INFO   ] [KB-000010] [mayo] DOWNLOADING — URL: https://www.mayoclinic.org/tests-procedures/a1c-test/about/pac-20384643
[2026-08-10 11:25:01] [WARNING] Download attempt 1/3 failed for https://www.mayoclinic.org/tests-procedures/a1c-test/about/pac-20384643: 403 Client Error: Forbidden for url: https://www.mayoclinic.org/tests-procedures/a1c-test/about/pac-20384643
[2026-08-10 11:25:03] [WARNING] Download attempt 2/3 failed for https://www.mayoclinic.org/tests-procedures/a1c-test/about/pac-20384643: 403 Client Error: Forbidden for url: https://www.mayoclinic.org/tests-procedures/a1c-test/about/pac-20384643
[2026-08-10 11:25:05] [WARNING] Download attempt 3/3 failed for https://www.mayoclinic.org/tests-procedures/a1c-test/about/pac-20384643: 403 Client Error: Forbidden for url: https://www.mayoclinic.org/tests-procedures/a1c-test/about/pac-20384643
[2026-08-10 11:25:05] [INFO   ] [KB-000010] [mayo] FAILED — Download error: Failed after 3 attempts: 403 Client Error: Forbidden for url: https://www.mayoclinic.org/tests-procedures/a1c-test/about/pac-20384643
[2026-08-10 11:25:05] [INFO   ] ======================================================================
[2026-08-10 11:25:05] [INFO   ] SCRAPER RUN COMPLETE
[2026-08-10 11:25:05] [INFO   ]   Total jobs:   2
[2026-08-10 11:25:05] [INFO   ]   Scraped:      1
[2026-08-10 11:25:05] [INFO   ]   Skipped:      0
[2026-08-10 11:25:05] [INFO   ]   Failed:       1
[2026-08-10 11:25:05] [INFO   ]   Duration:     5.2s
[2026-08-10 11:25:05] [INFO   ] ======================================================================
