[2026-08-10 11:32:58] [INFO   ] Logger initialized → knowledge_base/logs/scraper_20260810_113258.log
[2026-08-10 11:32:58] [INFO   ] Starting Scraper CLI
[2026-08-10 11:32:58] [INFO   ] Loaded manifest v1.1 — Certus Diagnostics Medical Knowledge Base
[2026-08-10 11:32:58] [INFO   ] Job queue: 3 jobs across 1 topics (filtered from manifest)
[2026-08-10 11:32:58] [INFO   ] [KB-000018] [cleveland] SEARCHING — Using direct URL: https://my.clevelandclinic.org/health/diagnostics/16728-creatinine-test
[2026-08-10 11:32:58] [INFO   ] [KB-000018] [cleveland] DOWNLOADING — URL: https://my.clevelandclinic.org/health/diagnostics/16728-creatinine-test
[2026-08-10 11:32:58] [WARNING] Download attempt 1/3 failed for https://my.clevelandclinic.org/health/diagnostics/16728-creatinine-test: 404 Client Error: Not Found for url: https://my.clevelandclinic.org/health/diagnostics/16728-creatinine-test
[2026-08-10 11:33:04] [WARNING] Download attempt 2/3 failed for https://my.clevelandclinic.org/health/diagnostics/16728-creatinine-test: 404 Client Error: Not Found for url: https://my.clevelandclinic.org/health/diagnostics/16728-creatinine-test
[2026-08-10 11:33:09] [WARNING] Download attempt 3/3 failed for https://my.clevelandclinic.org/health/diagnostics/16728-creatinine-test: 404 Client Error: Not Found for url: https://my.clevelandclinic.org/health/diagnostics/16728-creatinine-test
[2026-08-10 11:33:09] [INFO   ] [KB-000018] [cleveland] FAILED — Download error: Failed after 3 attempts: 404 Client Error: Not Found for url: https://my.clevelandclinic.org/health/diagnostics/16728-creatinine-test
[2026-08-10 11:33:09] [INFO   ] [KB-000018] [mayo] SEARCHING — Using direct URL: https://www.mayoclinic.org/tests-procedures/creatinine-test/about/pac-20384646
[2026-08-10 11:33:09] [INFO   ] [KB-000018] [mayo] DOWNLOADING — URL: https://www.mayoclinic.org/tests-procedures/creatinine-test/about/pac-20384646
[2026-08-10 11:33:09] [WARNING] Download attempt 1/3 failed for https://www.mayoclinic.org/tests-procedures/creatinine-test/about/pac-20384646: 403 Client Error: Forbidden for url: https://www.mayoclinic.org/tests-procedures/creatinine-test/about/pac-20384646
[2026-08-10 11:33:14] [WARNING] Download attempt 2/3 failed for https://www.mayoclinic.org/tests-procedures/creatinine-test/about/pac-20384646: 403 Client Error: Forbidden for url: https://www.mayoclinic.org/tests-procedures/creatinine-test/about/pac-20384646
[2026-08-10 11:33:19] [WARNING] Download attempt 3/3 failed for https://www.mayoclinic.org/tests-procedures/creatinine-test/about/pac-20384646: 403 Client Error: Forbidden for url: https://www.mayoclinic.org/tests-procedures/creatinine-test/about/pac-20384646
[2026-08-10 11:33:19] [INFO   ] [KB-000018] [mayo] FAILED — Download error: Failed after 3 attempts: 403 Client Error: Forbidden for url: https://www.mayoclinic.org/tests-procedures/creatinine-test/about/pac-20384646
[2026-08-10 11:33:19] [INFO   ] [KB-000018] [niddk] SEARCHING — Query: Creatinine what is it kidney
[2026-08-10 11:33:21] [INFO   ] [KB-000018] [niddk] DOWNLOADING — URL: https://www.niddk.nih.gov/health-information/professionals/clinical-tools-patient-management/kidney-disease/laboratory-evaluation/estimated-gfr-calculators/previous
[2026-08-10 11:33:22] [INFO   ] [KB-000018] [niddk] EXTRACTING
[2026-08-10 11:33:22] [INFO   ] [KB-000018] [niddk] CONVERTING
[2026-08-10 11:33:22] [INFO   ] [KB-000018] [niddk] VALIDATING
[2026-08-10 11:33:22] [INFO   ] [KB-000018] [niddk] FAILED — Quality check failed: Word count too low (238 < 300), No markdown headings found
[2026-08-10 11:33:22] [INFO   ] [KB-000018] [niddk] DOWNLOADING — URL: https://www.niddk.nih.gov/health-information/kidney-disease/high-blood-pressure
[2026-08-10 11:33:22] [INFO   ] [KB-000018] [niddk] EXTRACTING
[2026-08-10 11:33:22] [INFO   ] [KB-000018] [niddk] CONVERTING
[2026-08-10 11:33:22] [INFO   ] [KB-000018] [niddk] VALIDATING
[2026-08-10 11:33:22] [INFO   ] [KB-000018] [niddk] FAILED — Quality check failed: No topic keywords found in text, No markdown headings found
[2026-08-10 11:33:22] [INFO   ] [KB-000018] [niddk] DOWNLOADING — URL: https://www.niddk.nih.gov/health-information/professionals/clinical-tools-patient-management/kidney-disease/laboratory-evaluation/estimated-gfr-calculators
[2026-08-10 11:33:22] [INFO   ] [KB-000018] [niddk] EXTRACTING
[2026-08-10 11:33:22] [INFO   ] [KB-000018] [niddk] CONVERTING
[2026-08-10 11:33:22] [INFO   ] [KB-000018] [niddk] VALIDATING
[2026-08-10 11:33:22] [INFO   ] [KB-000018] [niddk] COMPLETED — v3 (unchanged) words=613 duration=3.0s
[2026-08-10 11:33:22] [INFO   ] ======================================================================
[2026-08-10 11:33:22] [INFO   ] SCRAPER RUN COMPLETE
[2026-08-10 11:33:22] [INFO   ]   Total jobs:   3
[2026-08-10 11:33:22] [INFO   ]   Scraped:      1
[2026-08-10 11:33:22] [INFO   ]   Skipped:      0
[2026-08-10 11:33:22] [INFO   ]   Failed:       2
[2026-08-10 11:33:22] [INFO   ]   Duration:     24.6s
[2026-08-10 11:33:22] [INFO   ] ======================================================================
