[2026-08-10 11:29:05] [INFO   ] Logger initialized → knowledge_base/logs/scraper_20260810_112905.log
[2026-08-10 11:29:05] [INFO   ] Starting Scraper CLI
[2026-08-10 11:29:05] [INFO   ] Loaded manifest v1.1 — Certus Diagnostics Medical Knowledge Base
[2026-08-10 11:29:05] [INFO   ] Job queue: 3 jobs across 1 topics (filtered from manifest)
[2026-08-10 11:29:05] [INFO   ] [KB-000006] [mayo] SEARCHING — Query: Insulin and diabetes
[2026-08-10 11:29:05] [ERROR  ] Direct search scrape error for 'https://www.mayoclinic.org/search/search-results?q=Insulin+and+diabetes': 403 Client Error: Forbidden for url: https://www.mayoclinic.org/search/search-results?q=Insulin+and+diabetes
[2026-08-10 11:29:05] [INFO   ] [KB-000006] [mayo] FAILED — Search returned no valid URLs
[2026-08-10 11:29:05] [INFO   ] [KB-000006] [medlineplus] SEARCHING — Query: Insulin blood test
[2026-08-10 11:29:06] [INFO   ] [KB-000006] [medlineplus] DOWNLOADING — URL: https://medlineplus.gov/lab-tests/insulin-in-blood/
[2026-08-10 11:29:07] [INFO   ] [KB-000006] [medlineplus] EXTRACTING
[2026-08-10 11:29:07] [INFO   ] [KB-000006] [medlineplus] CONVERTING
[2026-08-10 11:29:07] [INFO   ] [KB-000006] [medlineplus] VALIDATING
[2026-08-10 11:29:07] [INFO   ] [KB-000006] [medlineplus] COMPLETED — v1 (unchanged) words=1581 duration=1.7s
[2026-08-10 11:29:07] [INFO   ] [KB-000006] [niddk] SEARCHING — Using direct URL: https://www.niddk.nih.gov/health-information/diabetes/overview/insulin-medicines-treatments
[2026-08-10 11:29:07] [INFO   ] [KB-000006] [niddk] DOWNLOADING — URL: https://www.niddk.nih.gov/health-information/diabetes/overview/insulin-medicines-treatments
[2026-08-10 11:29:09] [INFO   ] [KB-000006] [niddk] EXTRACTING
[2026-08-10 11:29:09] [INFO   ] [KB-000006] [niddk] CONVERTING
[2026-08-10 11:29:09] [INFO   ] [KB-000006] [niddk] VALIDATING
[2026-08-10 11:29:09] [INFO   ] [KB-000006] [niddk] COMPLETED — v2 (new) words=2479 duration=1.9s
[2026-08-10 11:29:09] [INFO   ] ======================================================================
[2026-08-10 11:29:09] [INFO   ] SCRAPER RUN COMPLETE
[2026-08-10 11:29:09] [INFO   ]   Total jobs:   3
[2026-08-10 11:29:09] [INFO   ]   Scraped:      2
[2026-08-10 11:29:09] [INFO   ]   Skipped:      0
[2026-08-10 11:29:09] [INFO   ]   Failed:       1
[2026-08-10 11:29:09] [INFO   ]   Duration:     3.8s
[2026-08-10 11:29:09] [INFO   ] ======================================================================
