[2026-08-10 11:31:53] [INFO   ] Logger initialized → knowledge_base/logs/scraper_20260810_113153.log
[2026-08-10 11:31:53] [INFO   ] Starting Scraper CLI
[2026-08-10 11:31:53] [INFO   ] Loaded manifest v1.1 — Certus Diagnostics Medical Knowledge Base
[2026-08-10 11:31:53] [INFO   ] Job queue: 3 jobs across 1 topics (filtered from manifest)
[2026-08-10 11:31:53] [INFO   ] [KB-000003] [ada] SEARCHING — Using direct URL: https://diabetes.org/about-diabetes/type-2
[2026-08-10 11:31:53] [INFO   ] [KB-000003] [ada] DOWNLOADING — URL: https://diabetes.org/about-diabetes/type-2
[2026-08-10 11:31:54] [INFO   ] [KB-000003] [ada] EXTRACTING
[2026-08-10 11:31:54] [INFO   ] [KB-000003] [ada] CONVERTING
[2026-08-10 11:31:54] [INFO   ] [KB-000003] [ada] VALIDATING
[2026-08-10 11:31:54] [INFO   ] [KB-000003] [ada] COMPLETED — v2 (unchanged) words=362 duration=1.2s
[2026-08-10 11:31:54] [INFO   ] [KB-000003] [cdc] SEARCHING — Using direct URL: https://www.cdc.gov/diabetes/basics/type2.html
[2026-08-10 11:31:54] [INFO   ] [KB-000003] [cdc] DOWNLOADING — URL: https://www.cdc.gov/diabetes/basics/type2.html
[2026-08-10 11:31:54] [WARNING] Download attempt 1/3 failed for https://www.cdc.gov/diabetes/basics/type2.html: 403 Client Error: Forbidden for url: https://www.cdc.gov/diabetes/basics/type2.html
[2026-08-10 11:31:59] [WARNING] Download attempt 2/3 failed for https://www.cdc.gov/diabetes/basics/type2.html: 403 Client Error: Forbidden for url: https://www.cdc.gov/diabetes/basics/type2.html
[2026-08-10 11:32:04] [WARNING] Download attempt 3/3 failed for https://www.cdc.gov/diabetes/basics/type2.html: 403 Client Error: Forbidden for url: https://www.cdc.gov/diabetes/basics/type2.html
[2026-08-10 11:32:04] [INFO   ] [KB-000003] [cdc] FAILED — Download error: Failed after 3 attempts: 403 Client Error: Forbidden for url: https://www.cdc.gov/diabetes/basics/type2.html
[2026-08-10 11:32:04] [INFO   ] [KB-000003] [mayo] SEARCHING — Query: Type 2 diabetes symptoms causes treatment
[2026-08-10 11:32:05] [ERROR  ] Direct search scrape error for 'https://www.mayoclinic.org/search/search-results?q=Type+2+diabetes+symptoms+causes+treatment': 403 Client Error: Forbidden for url: https://www.mayoclinic.org/search/search-results?q=Type+2+diabetes+symptoms+causes+treatment
[2026-08-10 11:32:05] [INFO   ] [KB-000003] [mayo] FAILED — Search returned no valid URLs
[2026-08-10 11:32:05] [INFO   ] ======================================================================
[2026-08-10 11:32:05] [INFO   ] SCRAPER RUN COMPLETE
[2026-08-10 11:32:05] [INFO   ]   Total jobs:   3
[2026-08-10 11:32:05] [INFO   ]   Scraped:      1
[2026-08-10 11:32:05] [INFO   ]   Skipped:      0
[2026-08-10 11:32:05] [INFO   ]   Failed:       2
[2026-08-10 11:32:05] [INFO   ]   Duration:     12.0s
[2026-08-10 11:32:05] [INFO   ] ======================================================================
