[2026-08-10 11:18:03] [INFO   ] Logger initialized → knowledge_base/logs/scraper_20260810_111803.log
[2026-08-10 11:18:03] [INFO   ] Starting Scraper CLI
[2026-08-10 11:18:03] [INFO   ] Loaded manifest v1.1 — Certus Diagnostics Medical Knowledge Base
[2026-08-10 11:18:03] [INFO   ] Job queue: 3 jobs across 1 topics (filtered from manifest)
[2026-08-10 11:18:03] [INFO   ] [KB-000024] [ada] SEARCHING — Query: UACR albumin creatinine ratio diabetes
[2026-08-10 11:18:06] [WARNING] No valid article links found on search page: https://diabetes.org/search?q=UACR+albumin+creatinine+ratio+diabetes
[2026-08-10 11:18:06] [INFO   ] [KB-000024] [ada] FAILED — Search returned no valid URLs
[2026-08-10 11:18:06] [INFO   ] [KB-000024] [mayo] SEARCHING — Query: Albumin creatinine ratio urine test
[2026-08-10 11:18:06] [ERROR  ] Direct search scrape error for 'https://www.mayoclinic.org/search/search-results?q=Albumin+creatinine+ratio+urine+test': 403 Client Error: Forbidden for url: https://www.mayoclinic.org/search/search-results?q=Albumin+creatinine+ratio+urine+test
[2026-08-10 11:18:06] [INFO   ] [KB-000024] [mayo] FAILED — Search returned no valid URLs
[2026-08-10 11:18:06] [INFO   ] [KB-000024] [niddk] SEARCHING — Query: Urine albumin-to-creatinine ratio UACR
[2026-08-10 11:18:07] [INFO   ] [KB-000024] [niddk] DOWNLOADING — URL: https://www.niddk.nih.gov/health-information/professionals/clinical-tools-patient-management/kidney-disease/identify-manage-patients/evaluate-ckd/assess-urine-albumin
[2026-08-10 11:18:09] [INFO   ] [KB-000024] [niddk] EXTRACTING
[2026-08-10 11:18:09] [INFO   ] [KB-000024] [niddk] CONVERTING
[2026-08-10 11:18:09] [INFO   ] [KB-000024] [niddk] VALIDATING
[2026-08-10 11:18:09] [INFO   ] [KB-000024] [niddk] COMPLETED — v1 (new) words=325 duration=3.0s
[2026-08-10 11:18:09] [INFO   ] ======================================================================
[2026-08-10 11:18:09] [INFO   ] SCRAPER RUN COMPLETE
[2026-08-10 11:18:09] [INFO   ]   Total jobs:   3
[2026-08-10 11:18:09] [INFO   ]   Scraped:      1
[2026-08-10 11:18:09] [INFO   ]   Skipped:      0
[2026-08-10 11:18:09] [INFO   ]   Failed:       2
[2026-08-10 11:18:09] [INFO   ]   Duration:     6.0s
[2026-08-10 11:18:09] [INFO   ] ======================================================================
