[2026-08-10 06:36:18] [INFO   ] Logger initialized → knowledge_base/logs/scraper_20260810_063618.log
[2026-08-10 06:36:18] [INFO   ] Starting Scraper CLI
[2026-08-10 06:36:18] [INFO   ] Loaded manifest v1.1 — Certus Diagnostics Medical Knowledge Base
[2026-08-10 06:36:18] [INFO   ] Job queue: 3 jobs across 1 topics (filtered from manifest)
[2026-08-10 06:36:18] [INFO   ] [KB-000010] [ada] SEARCHING — Query: Understanding A1C
[2026-08-10 06:36:21] [INFO   ] [KB-000010] [ada] DOWNLOADING — URL: https://professional.diabetes.org/
[2026-08-10 06:36:23] [INFO   ] [KB-000010] [ada] EXTRACTING
[2026-08-10 06:36:23] [INFO   ] [KB-000010] [ada] CONVERTING
[2026-08-10 06:36:23] [INFO   ] [KB-000010] [ada] VALIDATING
[2026-08-10 06:36:23] [INFO   ] [KB-000010] [ada] FAILED — Quality check failed: No topic keywords found in text, No markdown headings found
[2026-08-10 06:36:23] [INFO   ] [KB-000010] [mayo] SEARCHING — Query: A1C test
[2026-08-10 06:36:27] [INFO   ] [KB-000010] [mayo] DOWNLOADING — URL: https://www.mayoclinic.org/
[2026-08-10 06:36:27] [WARNING] Download attempt 1/3 failed for https://www.mayoclinic.org/: 403 Client Error: Forbidden for url: https://www.mayoclinic.org/
[2026-08-10 06:36:29] [WARNING] Download attempt 2/3 failed for https://www.mayoclinic.org/: 403 Client Error: Forbidden for url: https://www.mayoclinic.org/
[2026-08-10 06:36:32] [WARNING] Download attempt 3/3 failed for https://www.mayoclinic.org/: 403 Client Error: Forbidden for url: https://www.mayoclinic.org/
[2026-08-10 06:36:32] [INFO   ] [KB-000010] [mayo] FAILED — Download error: Failed after 3 attempts: 403 Client Error: Forbidden for url: https://www.mayoclinic.org/
[2026-08-10 06:36:32] [INFO   ] [KB-000010] [medlineplus] SEARCHING — Query: Hemoglobin A1C HbA1c test
[2026-08-10 06:36:35] [INFO   ] [KB-000010] [medlineplus] DOWNLOADING — URL: https://medlineplus.gov
[2026-08-10 06:36:35] [INFO   ] [KB-000010] [medlineplus] EXTRACTING
[2026-08-10 06:36:35] [INFO   ] [KB-000010] [medlineplus] CONVERTING
[2026-08-10 06:36:35] [INFO   ] [KB-000010] [medlineplus] VALIDATING
[2026-08-10 06:36:35] [INFO   ] [KB-000010] [medlineplus] FAILED — Quality check failed: Word count too low (78 < 300), No topic keywords found in text, No markdown headings found
[2026-08-10 06:36:35] [INFO   ] ======================================================================
[2026-08-10 06:36:35] [INFO   ] SCRAPER RUN COMPLETE
[2026-08-10 06:36:35] [INFO   ]   Total jobs:   3
[2026-08-10 06:36:35] [INFO   ]   Scraped:      0
[2026-08-10 06:36:35] [INFO   ]   Skipped:      0
[2026-08-10 06:36:35] [INFO   ]   Failed:       3
[2026-08-10 06:36:35] [INFO   ]   Duration:     17.9s
[2026-08-10 06:36:35] [INFO   ] ======================================================================
