[2026-08-10 11:18:12] [INFO   ] Logger initialized → knowledge_base/logs/scraper_20260810_111812.log
[2026-08-10 11:18:12] [INFO   ] Starting Scraper CLI
[2026-08-10 11:18:12] [INFO   ] Loaded manifest v1.1 — Certus Diagnostics Medical Knowledge Base
[2026-08-10 11:18:12] [INFO   ] Job queue: 3 jobs across 1 topics (filtered from manifest)
[2026-08-10 11:18:12] [INFO   ] [KB-000049] [cleveland] SEARCHING — Query: Vitamin D blood test deficiency
[2026-08-10 11:18:13] [INFO   ] [KB-000049] [cleveland] DOWNLOADING — URL: https://my.clevelandclinic.org/health/diseases/17957-cyclosporiasis
[2026-08-10 11:18:13] [INFO   ] [KB-000049] [cleveland] EXTRACTING
[2026-08-10 11:18:13] [INFO   ] [KB-000049] [cleveland] CONVERTING
[2026-08-10 11:18:13] [INFO   ] [KB-000049] [cleveland] VALIDATING
[2026-08-10 11:18:13] [INFO   ] [KB-000049] [cleveland] FAILED — Quality check failed: No topic keywords found in text, No markdown headings found
[2026-08-10 11:18:13] [INFO   ] [KB-000049] [mayo] SEARCHING — Query: Vitamin D deficiency
[2026-08-10 11:18:13] [ERROR  ] Direct search scrape error for 'https://www.mayoclinic.org/search/search-results?q=Vitamin+D+deficiency': 403 Client Error: Forbidden for url: https://www.mayoclinic.org/search/search-results?q=Vitamin+D+deficiency
[2026-08-10 11:18:13] [INFO   ] [KB-000049] [mayo] FAILED — Search returned no valid URLs
[2026-08-10 11:18:13] [INFO   ] [KB-000049] [medlineplus] SEARCHING — Query: Vitamin D test 25-hydroxy
[2026-08-10 11:18:15] [INFO   ] [KB-000049] [medlineplus] DOWNLOADING — URL: https://medlineplus.gov/ency/article/003569.htm
[2026-08-10 11:18:16] [INFO   ] [KB-000049] [medlineplus] EXTRACTING
[2026-08-10 11:18:16] [INFO   ] [KB-000049] [medlineplus] CONVERTING
[2026-08-10 11:18:16] [INFO   ] [KB-000049] [medlineplus] VALIDATING
[2026-08-10 11:18:16] [INFO   ] [KB-000049] [medlineplus] COMPLETED — v2 (new) words=756 duration=2.2s
[2026-08-10 11:18:16] [INFO   ] ======================================================================
[2026-08-10 11:18:16] [INFO   ] SCRAPER RUN COMPLETE
[2026-08-10 11:18:16] [INFO   ]   Total jobs:   3
[2026-08-10 11:18:16] [INFO   ]   Scraped:      1
[2026-08-10 11:18:16] [INFO   ]   Skipped:      0
[2026-08-10 11:18:16] [INFO   ]   Failed:       2
[2026-08-10 11:18:16] [INFO   ]   Duration:     3.4s
[2026-08-10 11:18:16] [INFO   ] ======================================================================
