[2026-08-10 11:34:25] [INFO   ] Logger initialized → knowledge_base/logs/scraper_20260810_113425.log
[2026-08-10 11:34:25] [INFO   ] Starting Scraper CLI
[2026-08-10 11:34:25] [INFO   ] Loaded manifest v1.1 — Certus Diagnostics Medical Knowledge Base
[2026-08-10 11:34:25] [INFO   ] Job queue: 3 jobs across 1 topics (filtered from manifest)
[2026-08-10 11:34:25] [INFO   ] [KB-000058] [cleveland] SEARCHING — Query: White blood cell count WBC test
[2026-08-10 11:34:26] [INFO   ] [KB-000058] [cleveland] DOWNLOADING — URL: https://my.clevelandclinic.org/health/diseases/17957-cyclosporiasis
[2026-08-10 11:34:26] [INFO   ] [KB-000058] [cleveland] EXTRACTING
[2026-08-10 11:34:26] [INFO   ] [KB-000058] [cleveland] CONVERTING
[2026-08-10 11:34:26] [INFO   ] [KB-000058] [cleveland] VALIDATING
[2026-08-10 11:34:26] [INFO   ] [KB-000058] [cleveland] FAILED — Quality check failed: No topic keywords found in text, No markdown headings found
[2026-08-10 11:34:26] [INFO   ] [KB-000058] [mayo] SEARCHING — Query: White blood cell count test
[2026-08-10 11:34:26] [ERROR  ] Direct search scrape error for 'https://www.mayoclinic.org/search/search-results?q=White+blood+cell+count+test': 403 Client Error: Forbidden for url: https://www.mayoclinic.org/search/search-results?q=White+blood+cell+count+test
[2026-08-10 11:34:26] [INFO   ] [KB-000058] [mayo] FAILED — Search returned no valid URLs
[2026-08-10 11:34:26] [INFO   ] [KB-000058] [medlineplus] SEARCHING — Using direct URL: https://medlineplus.gov/lab-tests/white-blood-cell-wbc-count/
[2026-08-10 11:34:26] [INFO   ] [KB-000058] [medlineplus] DOWNLOADING — URL: https://medlineplus.gov/lab-tests/white-blood-cell-wbc-count/
[2026-08-10 11:34:28] [WARNING] Download attempt 1/3 failed for https://medlineplus.gov/lab-tests/white-blood-cell-wbc-count/: 404 Client Error: Not Found for url: https://medlineplus.gov/lab-tests/white-blood-cell-wbc-count/
[2026-08-10 11:34:33] [WARNING] Download attempt 2/3 failed for https://medlineplus.gov/lab-tests/white-blood-cell-wbc-count/: 404 Client Error: Not Found for url: https://medlineplus.gov/lab-tests/white-blood-cell-wbc-count/
[2026-08-10 11:34:40] [WARNING] Download attempt 3/3 failed for https://medlineplus.gov/lab-tests/white-blood-cell-wbc-count/: 404 Client Error: Not Found for url: https://medlineplus.gov/lab-tests/white-blood-cell-wbc-count/
[2026-08-10 11:34:40] [INFO   ] [KB-000058] [medlineplus] FAILED — Download error: Failed after 3 attempts: 404 Client Error: Not Found for url: https://medlineplus.gov/lab-tests/white-blood-cell-wbc-count/
[2026-08-10 11:34:40] [INFO   ] ======================================================================
[2026-08-10 11:34:40] [INFO   ] SCRAPER RUN COMPLETE
[2026-08-10 11:34:40] [INFO   ]   Total jobs:   3
[2026-08-10 11:34:40] [INFO   ]   Scraped:      0
[2026-08-10 11:34:40] [INFO   ]   Skipped:      0
[2026-08-10 11:34:40] [INFO   ]   Failed:       3
[2026-08-10 11:34:40] [INFO   ]   Duration:     15.1s
[2026-08-10 11:34:40] [INFO   ] ======================================================================
