[2026-08-10 11:34:15] [INFO   ] Logger initialized → knowledge_base/logs/scraper_20260810_113415.log
[2026-08-10 11:34:15] [INFO   ] Starting Scraper CLI
[2026-08-10 11:34:15] [INFO   ] Loaded manifest v1.1 — Certus Diagnostics Medical Knowledge Base
[2026-08-10 11:34:15] [INFO   ] Job queue: 3 jobs across 1 topics (filtered from manifest)
[2026-08-10 11:34:15] [INFO   ] [KB-000050] [cleveland] SEARCHING — Query: Vitamin B12 blood test cobalamin
[2026-08-10 11:34:16] [INFO   ] [KB-000050] [cleveland] DOWNLOADING — URL: https://my.clevelandclinic.org/health/diseases/17957-cyclosporiasis
[2026-08-10 11:34:16] [INFO   ] [KB-000050] [cleveland] EXTRACTING
[2026-08-10 11:34:16] [INFO   ] [KB-000050] [cleveland] CONVERTING
[2026-08-10 11:34:16] [INFO   ] [KB-000050] [cleveland] VALIDATING
[2026-08-10 11:34:16] [INFO   ] [KB-000050] [cleveland] FAILED — Quality check failed: No topic keywords found in text, No markdown headings found
[2026-08-10 11:34:16] [INFO   ] [KB-000050] [mayo] SEARCHING — Query: Vitamin B12 deficiency
[2026-08-10 11:34:16] [ERROR  ] Direct search scrape error for 'https://www.mayoclinic.org/search/search-results?q=Vitamin+B12+deficiency': 403 Client Error: Forbidden for url: https://www.mayoclinic.org/search/search-results?q=Vitamin+B12+deficiency
[2026-08-10 11:34:16] [INFO   ] [KB-000050] [mayo] FAILED — Search returned no valid URLs
[2026-08-10 11:34:16] [INFO   ] [KB-000050] [medlineplus] SEARCHING — Using direct URL: https://medlineplus.gov/lab-tests/vitamin-b-test/
[2026-08-10 11:34:16] [INFO   ] [KB-000050] [medlineplus] DOWNLOADING — URL: https://medlineplus.gov/lab-tests/vitamin-b-test/
[2026-08-10 11:34:17] [INFO   ] [KB-000050] [medlineplus] EXTRACTING
[2026-08-10 11:34:17] [INFO   ] [KB-000050] [medlineplus] CONVERTING
[2026-08-10 11:34:17] [INFO   ] [KB-000050] [medlineplus] VALIDATING
[2026-08-10 11:34:17] [INFO   ] [KB-000050] [medlineplus] COMPLETED — v1 (new) words=1622 duration=0.5s
[2026-08-10 11:34:17] [INFO   ] ======================================================================
[2026-08-10 11:34:17] [INFO   ] SCRAPER RUN COMPLETE
[2026-08-10 11:34:17] [INFO   ]   Total jobs:   3
[2026-08-10 11:34:17] [INFO   ]   Scraped:      1
[2026-08-10 11:34:17] [INFO   ]   Skipped:      0
[2026-08-10 11:34:17] [INFO   ]   Failed:       2
[2026-08-10 11:34:17] [INFO   ]   Duration:     1.9s
[2026-08-10 11:34:17] [INFO   ] ======================================================================
