[2026-08-10 11:48:42] [INFO   ] Logger initialized → knowledge_base/logs/scraper_20260810_114842.log
[2026-08-10 11:48:42] [INFO   ] Starting Scraper CLI
[2026-08-10 11:48:42] [INFO   ] Loaded manifest v1.1 — Certus Diagnostics Medical Knowledge Base
[2026-08-10 11:48:42] [INFO   ] Job queue: 3 jobs across 1 topics (filtered from manifest)
[2026-08-10 11:48:42] [INFO   ] [KB-000054] [cleveland] SEARCHING — Query: CBC complete blood count test
[2026-08-10 11:48:43] [WARNING] No highly relevant article links found on search page: https://my.clevelandclinic.org/search?q=CBC+complete+blood+count+test
[2026-08-10 11:48:43] [INFO   ] [KB-000054] [cleveland] FAILED — Search returned no valid URLs
[2026-08-10 11:48:43] [INFO   ] [KB-000054] [mayo] SEARCHING — Query: Complete blood count CBC
[2026-08-10 11:48:43] [ERROR  ] Direct search scrape HTTP error for 'https://www.mayoclinic.org/search/search-results?q=Complete+blood+count+CBC': 403
[2026-08-10 11:48:43] [INFO   ] [KB-000054] [mayo] FAILED — Search returned no valid URLs
[2026-08-10 11:48:43] [INFO   ] [KB-000054] [medlineplus] SEARCHING — Using direct URL: https://medlineplus.gov/lab-tests/complete-blood-count-cbc/
[2026-08-10 11:48:43] [INFO   ] [KB-000054] [medlineplus] DOWNLOADING — URL: https://medlineplus.gov/lab-tests/complete-blood-count-cbc/
[2026-08-10 11:48:44] [INFO   ] [KB-000054] [medlineplus] EXTRACTING
[2026-08-10 11:48:44] [INFO   ] [KB-000054] [medlineplus] CONVERTING
[2026-08-10 11:48:44] [INFO   ] [KB-000054] [medlineplus] VALIDATING
[2026-08-10 11:48:44] [INFO   ] [KB-000054] [medlineplus] COMPLETED — v1 (unchanged) words=1010 duration=1.1s
[2026-08-10 11:48:44] [INFO   ] ======================================================================
[2026-08-10 11:48:44] [INFO   ] SCRAPER RUN COMPLETE
[2026-08-10 11:48:44] [INFO   ]   Total jobs:   3
[2026-08-10 11:48:44] [INFO   ]   Scraped:      1
[2026-08-10 11:48:44] [INFO   ]   Skipped:      0
[2026-08-10 11:48:44] [INFO   ]   Failed:       2
[2026-08-10 11:48:44] [INFO   ]   Duration:     1.9s
[2026-08-10 11:48:44] [INFO   ] ======================================================================
