[2026-08-10 11:31:17] [INFO   ] Logger initialized → knowledge_base/logs/scraper_20260810_113117.log
[2026-08-10 11:31:17] [INFO   ] Starting Scraper CLI
[2026-08-10 11:31:17] [INFO   ] Loaded manifest v1.1 — Certus Diagnostics Medical Knowledge Base
[2026-08-10 11:31:17] [INFO   ] Job queue: 3 jobs across 1 topics (filtered from manifest)
[2026-08-10 11:31:17] [INFO   ] [KB-000001] [ada] SEARCHING — Using direct URL: https://diabetes.org/about-diabetes
[2026-08-10 11:31:17] [INFO   ] [KB-000001] [ada] DOWNLOADING — URL: https://diabetes.org/about-diabetes
[2026-08-10 11:31:18] [INFO   ] [KB-000001] [ada] EXTRACTING
[2026-08-10 11:31:18] [INFO   ] [KB-000001] [ada] CONVERTING
[2026-08-10 11:31:18] [INFO   ] [KB-000001] [ada] VALIDATING
[2026-08-10 11:31:18] [INFO   ] [KB-000001] [ada] COMPLETED — v1 (unchanged) words=559 duration=1.4s
[2026-08-10 11:31:18] [INFO   ] [KB-000001] [cdc] SEARCHING — Using direct URL: https://www.cdc.gov/diabetes/basics/index.html
[2026-08-10 11:31:18] [INFO   ] [KB-000001] [cdc] DOWNLOADING — URL: https://www.cdc.gov/diabetes/basics/index.html
[2026-08-10 11:31:18] [WARNING] Download attempt 1/3 failed for https://www.cdc.gov/diabetes/basics/index.html: 403 Client Error: Forbidden for url: https://www.cdc.gov/diabetes/basics/index.html
[2026-08-10 11:31:24] [WARNING] Download attempt 2/3 failed for https://www.cdc.gov/diabetes/basics/index.html: 403 Client Error: Forbidden for url: https://www.cdc.gov/diabetes/basics/index.html
[2026-08-10 11:31:29] [WARNING] Download attempt 3/3 failed for https://www.cdc.gov/diabetes/basics/index.html: 403 Client Error: Forbidden for url: https://www.cdc.gov/diabetes/basics/index.html
[2026-08-10 11:31:29] [INFO   ] [KB-000001] [cdc] FAILED — Download error: Failed after 3 attempts: 403 Client Error: Forbidden for url: https://www.cdc.gov/diabetes/basics/index.html
[2026-08-10 11:31:29] [INFO   ] [KB-000001] [mayo] SEARCHING — Using direct URL: https://www.mayoclinic.org/diseases-conditions/diabetes/symptoms-causes/syc-20371444
[2026-08-10 11:31:29] [INFO   ] [KB-000001] [mayo] DOWNLOADING — URL: https://www.mayoclinic.org/diseases-conditions/diabetes/symptoms-causes/syc-20371444
[2026-08-10 11:31:29] [WARNING] Download attempt 1/3 failed for https://www.mayoclinic.org/diseases-conditions/diabetes/symptoms-causes/syc-20371444: 403 Client Error: Forbidden for url: https://www.mayoclinic.org/diseases-conditions/diabetes/symptoms-causes/syc-20371444
[2026-08-10 11:31:34] [WARNING] Download attempt 2/3 failed for https://www.mayoclinic.org/diseases-conditions/diabetes/symptoms-causes/syc-20371444: 403 Client Error: Forbidden for url: https://www.mayoclinic.org/diseases-conditions/diabetes/symptoms-causes/syc-20371444
[2026-08-10 11:31:39] [WARNING] Download attempt 3/3 failed for https://www.mayoclinic.org/diseases-conditions/diabetes/symptoms-causes/syc-20371444: 403 Client Error: Forbidden for url: https://www.mayoclinic.org/diseases-conditions/diabetes/symptoms-causes/syc-20371444
[2026-08-10 11:31:39] [INFO   ] [KB-000001] [mayo] FAILED — Download error: Failed after 3 attempts: 403 Client Error: Forbidden for url: https://www.mayoclinic.org/diseases-conditions/diabetes/symptoms-causes/syc-20371444
[2026-08-10 11:31:39] [INFO   ] ======================================================================
[2026-08-10 11:31:39] [INFO   ] SCRAPER RUN COMPLETE
[2026-08-10 11:31:39] [INFO   ]   Total jobs:   3
[2026-08-10 11:31:39] [INFO   ]   Scraped:      1
[2026-08-10 11:31:39] [INFO   ]   Skipped:      0
[2026-08-10 11:31:39] [INFO   ]   Failed:       2
[2026-08-10 11:31:39] [INFO   ]   Duration:     22.5s
[2026-08-10 11:31:39] [INFO   ] ======================================================================
