[2026-08-10 11:28:31] [INFO   ] Logger initialized → knowledge_base/logs/scraper_20260810_112831.log
[2026-08-10 11:28:31] [INFO   ] Starting Scraper CLI
[2026-08-10 11:28:31] [INFO   ] Loaded manifest v1.1 — Certus Diagnostics Medical Knowledge Base
[2026-08-10 11:28:31] [INFO   ] Job queue: 3 jobs across 1 topics (filtered from manifest)
[2026-08-10 11:28:31] [INFO   ] [KB-000003] [ada] SEARCHING — Using direct URL: https://diabetes.org/about-diabetes/type-2
[2026-08-10 11:28:31] [INFO   ] [KB-000003] [ada] DOWNLOADING — URL: https://diabetes.org/about-diabetes/type-2
[2026-08-10 11:28:33] [INFO   ] [KB-000003] [ada] EXTRACTING
[2026-08-10 11:28:33] [INFO   ] [KB-000003] [ada] CONVERTING
[2026-08-10 11:28:33] [INFO   ] [KB-000003] [ada] VALIDATING
[2026-08-10 11:28:33] [INFO   ] [KB-000003] [ada] COMPLETED — v2 (new) words=362 duration=1.6s
[2026-08-10 11:28:33] [INFO   ] [KB-000003] [cdc] SEARCHING — Using direct URL: https://www.cdc.gov/diabetes/basics/type2.html
[2026-08-10 11:28:33] [INFO   ] [KB-000003] [cdc] DOWNLOADING — URL: https://www.cdc.gov/diabetes/basics/type2.html
[2026-08-10 11:28:33] [WARNING] Download attempt 1/3 failed for https://www.cdc.gov/diabetes/basics/type2.html: 403 Client Error: Forbidden for url: https://www.cdc.gov/diabetes/basics/type2.html
[2026-08-10 11:28:35] [WARNING] Download attempt 2/3 failed for https://www.cdc.gov/diabetes/basics/type2.html: 403 Client Error: Forbidden for url: https://www.cdc.gov/diabetes/basics/type2.html
[2026-08-10 11:28:37] [WARNING] Download attempt 3/3 failed for https://www.cdc.gov/diabetes/basics/type2.html: 403 Client Error: Forbidden for url: https://www.cdc.gov/diabetes/basics/type2.html
[2026-08-10 11:28:37] [INFO   ] [KB-000003] [cdc] FAILED — Download error: Failed after 3 attempts: 403 Client Error: Forbidden for url: https://www.cdc.gov/diabetes/basics/type2.html
[2026-08-10 11:28:37] [INFO   ] [KB-000003] [mayo] SEARCHING — Query: Type 2 diabetes symptoms causes treatment
[2026-08-10 11:28:38] [ERROR  ] Direct search scrape error for 'https://www.mayoclinic.org/search/search-results?q=Type+2+diabetes+symptoms+causes+treatment': 403 Client Error: Forbidden for url: https://www.mayoclinic.org/search/search-results?q=Type+2+diabetes+symptoms+causes+treatment
[2026-08-10 11:28:38] [INFO   ] [KB-000003] [mayo] FAILED — Search returned no valid URLs
[2026-08-10 11:28:38] [INFO   ] ======================================================================
[2026-08-10 11:28:38] [INFO   ] SCRAPER RUN COMPLETE
[2026-08-10 11:28:38] [INFO   ]   Total jobs:   3
[2026-08-10 11:28:38] [INFO   ]   Scraped:      1
[2026-08-10 11:28:38] [INFO   ]   Skipped:      0
[2026-08-10 11:28:38] [INFO   ]   Failed:       2
[2026-08-10 11:28:38] [INFO   ]   Duration:     6.3s
[2026-08-10 11:28:38] [INFO   ] ======================================================================
