[2026-08-10 11:33:23] [INFO   ] Logger initialized → knowledge_base/logs/scraper_20260810_113323.log
[2026-08-10 11:33:23] [INFO   ] Starting Scraper CLI
[2026-08-10 11:33:23] [INFO   ] Loaded manifest v1.1 — Certus Diagnostics Medical Knowledge Base
[2026-08-10 11:33:23] [INFO   ] Job queue: 3 jobs across 1 topics (filtered from manifest)
[2026-08-10 11:33:23] [INFO   ] [KB-000019] [cleveland] SEARCHING — Using direct URL: https://my.clevelandclinic.org/health/diagnostics/22562-estimated-glomerular-filtration-rate-egfr
[2026-08-10 11:33:23] [INFO   ] [KB-000019] [cleveland] DOWNLOADING — URL: https://my.clevelandclinic.org/health/diagnostics/22562-estimated-glomerular-filtration-rate-egfr
[2026-08-10 11:33:24] [WARNING] Download attempt 1/3 failed for https://my.clevelandclinic.org/health/diagnostics/22562-estimated-glomerular-filtration-rate-egfr: 404 Client Error: Not Found for url: https://my.clevelandclinic.org/health/diagnostics/22562-estimated-glomerular-filtration-rate-egfr
[2026-08-10 11:33:29] [WARNING] Download attempt 2/3 failed for https://my.clevelandclinic.org/health/diagnostics/22562-estimated-glomerular-filtration-rate-egfr: 404 Client Error: Not Found for url: https://my.clevelandclinic.org/health/diagnostics/22562-estimated-glomerular-filtration-rate-egfr
[2026-08-10 11:33:34] [WARNING] Download attempt 3/3 failed for https://my.clevelandclinic.org/health/diagnostics/22562-estimated-glomerular-filtration-rate-egfr: 404 Client Error: Not Found for url: https://my.clevelandclinic.org/health/diagnostics/22562-estimated-glomerular-filtration-rate-egfr
[2026-08-10 11:33:34] [INFO   ] [KB-000019] [cleveland] FAILED — Download error: Failed after 3 attempts: 404 Client Error: Not Found for url: https://my.clevelandclinic.org/health/diagnostics/22562-estimated-glomerular-filtration-rate-egfr
[2026-08-10 11:33:34] [INFO   ] [KB-000019] [mayo] SEARCHING — Using direct URL: https://www.mayoclinic.org/tests-procedures/glomerular-filtration-rate/about/pac-20384643
[2026-08-10 11:33:34] [INFO   ] [KB-000019] [mayo] DOWNLOADING — URL: https://www.mayoclinic.org/tests-procedures/glomerular-filtration-rate/about/pac-20384643
[2026-08-10 11:33:34] [WARNING] Download attempt 1/3 failed for https://www.mayoclinic.org/tests-procedures/glomerular-filtration-rate/about/pac-20384643: 403 Client Error: Forbidden for url: https://www.mayoclinic.org/tests-procedures/glomerular-filtration-rate/about/pac-20384643
[2026-08-10 11:33:40] [WARNING] Download attempt 2/3 failed for https://www.mayoclinic.org/tests-procedures/glomerular-filtration-rate/about/pac-20384643: 403 Client Error: Forbidden for url: https://www.mayoclinic.org/tests-procedures/glomerular-filtration-rate/about/pac-20384643
[2026-08-10 11:33:45] [WARNING] Download attempt 3/3 failed for https://www.mayoclinic.org/tests-procedures/glomerular-filtration-rate/about/pac-20384643: 403 Client Error: Forbidden for url: https://www.mayoclinic.org/tests-procedures/glomerular-filtration-rate/about/pac-20384643
[2026-08-10 11:33:45] [INFO   ] [KB-000019] [mayo] FAILED — Download error: Failed after 3 attempts: 403 Client Error: Forbidden for url: https://www.mayoclinic.org/tests-procedures/glomerular-filtration-rate/about/pac-20384643
[2026-08-10 11:33:45] [INFO   ] [KB-000019] [niddk] SEARCHING — Query: Estimated GFR glomerular filtration rate
[2026-08-10 11:33:47] [INFO   ] [KB-000019] [niddk] DOWNLOADING — URL: https://www.niddk.nih.gov/health-information/professionals/clinical-tools-patient-management/kidney-disease/laboratory-evaluation/estimated-gfr-calculators
[2026-08-10 11:33:47] [INFO   ] [KB-000019] [niddk] EXTRACTING
[2026-08-10 11:33:47] [INFO   ] [KB-000019] [niddk] CONVERTING
[2026-08-10 11:33:47] [INFO   ] [KB-000019] [niddk] VALIDATING
[2026-08-10 11:33:47] [INFO   ] [KB-000019] [niddk] COMPLETED — v2 (unchanged) words=613 duration=2.5s
[2026-08-10 11:33:47] [INFO   ] ======================================================================
[2026-08-10 11:33:47] [INFO   ] SCRAPER RUN COMPLETE
[2026-08-10 11:33:47] [INFO   ]   Total jobs:   3
[2026-08-10 11:33:47] [INFO   ]   Scraped:      1
[2026-08-10 11:33:47] [INFO   ]   Skipped:      0
[2026-08-10 11:33:47] [INFO   ]   Failed:       2
[2026-08-10 11:33:47] [INFO   ]   Duration:     24.4s
[2026-08-10 11:33:47] [INFO   ] ======================================================================
