[2026-08-10 11:13:47] [INFO   ] Logger initialized → knowledge_base/logs/scraper_20260810_111347.log
[2026-08-10 11:13:47] [INFO   ] Starting Scraper CLI
[2026-08-10 11:13:47] [INFO   ] Loaded manifest v1.1 — Certus Diagnostics Medical Knowledge Base
[2026-08-10 11:13:47] [INFO   ] Job queue: 3 jobs across 1 topics (filtered from manifest)
[2026-08-10 11:13:47] [INFO   ] [KB-000014] [ada] SEARCHING — Query: Oral glucose tolerance test
[2026-08-10 11:13:49] [WARNING] No valid article links found on search page: https://diabetes.org/search?q=Oral+glucose+tolerance+test
[2026-08-10 11:13:49] [INFO   ] [KB-000014] [ada] FAILED — Search returned no valid URLs
[2026-08-10 11:13:49] [INFO   ] [KB-000014] [mayo] SEARCHING — Query: Glucose tolerance test
[2026-08-10 11:13:49] [ERROR  ] Direct search scrape error for 'https://www.mayoclinic.org/search/search-results?q=Glucose+tolerance+test': 403 Client Error: Forbidden for url: https://www.mayoclinic.org/search/search-results?q=Glucose+tolerance+test
[2026-08-10 11:13:49] [INFO   ] [KB-000014] [mayo] FAILED — Search returned no valid URLs
[2026-08-10 11:13:49] [INFO   ] [KB-000014] [medlineplus] SEARCHING — Query: OGTT oral glucose tolerance test
[2026-08-10 11:13:50] [INFO   ] [KB-000014] [medlineplus] DOWNLOADING — URL: https://medlineplus.gov/ency/article/003466.htm
[2026-08-10 11:13:51] [INFO   ] [KB-000014] [medlineplus] EXTRACTING
[2026-08-10 11:13:51] [INFO   ] [KB-000014] [medlineplus] CONVERTING
[2026-08-10 11:13:51] [INFO   ] [KB-000014] [medlineplus] VALIDATING
[2026-08-10 11:13:51] [INFO   ] [KB-000014] [medlineplus] COMPLETED — v1 (new) words=1041 duration=2.3s
[2026-08-10 11:13:51] [INFO   ] ======================================================================
[2026-08-10 11:13:51] [INFO   ] SCRAPER RUN COMPLETE
[2026-08-10 11:13:51] [INFO   ]   Total jobs:   3
[2026-08-10 11:13:51] [INFO   ]   Scraped:      1
[2026-08-10 11:13:51] [INFO   ]   Skipped:      0
[2026-08-10 11:13:51] [INFO   ]   Failed:       2
[2026-08-10 11:13:51] [INFO   ]   Duration:     4.2s
[2026-08-10 11:13:51] [INFO   ] ======================================================================
