[2026-08-10 11:48:28] [INFO   ] Logger initialized → knowledge_base/logs/scraper_20260810_114828.log
[2026-08-10 11:48:28] [INFO   ] Starting Scraper CLI
[2026-08-10 11:48:28] [INFO   ] Loaded manifest v1.1 — Certus Diagnostics Medical Knowledge Base
[2026-08-10 11:48:28] [INFO   ] Job queue: 3 jobs across 1 topics (filtered from manifest)
[2026-08-10 11:48:28] [INFO   ] [KB-000010] [ada] SEARCHING — Using direct URL: https://diabetes.org/about-diabetes/a1c
[2026-08-10 11:48:28] [INFO   ] [KB-000010] [ada] DOWNLOADING — URL: https://diabetes.org/about-diabetes/a1c
[2026-08-10 11:48:29] [INFO   ] [KB-000010] [ada] EXTRACTING
[2026-08-10 11:48:30] [INFO   ] [KB-000010] [ada] CONVERTING
[2026-08-10 11:48:30] [INFO   ] [KB-000010] [ada] VALIDATING
[2026-08-10 11:48:30] [INFO   ] [KB-000010] [ada] COMPLETED — v5 (unchanged) words=836 duration=1.6s
[2026-08-10 11:48:30] [INFO   ] [KB-000010] [mayo] SEARCHING — Using direct URL: https://www.mayoclinic.org/tests-procedures/a1c-test/about/pac-20384643
[2026-08-10 11:48:30] [INFO   ] [KB-000010] [mayo] DOWNLOADING — URL: https://www.mayoclinic.org/tests-procedures/a1c-test/about/pac-20384643
[2026-08-10 11:48:30] [WARNING] Download aborted for https://www.mayoclinic.org/tests-procedures/a1c-test/about/pac-20384643: BLOCKED_403
[2026-08-10 11:48:30] [INFO   ] [KB-000010] [mayo] FAILED — Download error: BLOCKED_403
[2026-08-10 11:48:30] [INFO   ] [KB-000010] [medlineplus] SEARCHING — Using direct URL: https://medlineplus.gov/lab-tests/hemoglobin-a1c-hba1c-test/
[2026-08-10 11:48:30] [INFO   ] [KB-000010] [medlineplus] DOWNLOADING — URL: https://medlineplus.gov/lab-tests/hemoglobin-a1c-hba1c-test/
[2026-08-10 11:48:31] [INFO   ] [KB-000010] [medlineplus] EXTRACTING
[2026-08-10 11:48:31] [INFO   ] [KB-000010] [medlineplus] CONVERTING
[2026-08-10 11:48:31] [INFO   ] [KB-000010] [medlineplus] VALIDATING
[2026-08-10 11:48:31] [INFO   ] [KB-000010] [medlineplus] COMPLETED — v4 (unchanged) words=1542 duration=1.2s
[2026-08-10 11:48:31] [INFO   ] ======================================================================
[2026-08-10 11:48:31] [INFO   ] SCRAPER RUN COMPLETE
[2026-08-10 11:48:31] [INFO   ]   Total jobs:   3
[2026-08-10 11:48:31] [INFO   ]   Scraped:      2
[2026-08-10 11:48:31] [INFO   ]   Skipped:      0
[2026-08-10 11:48:31] [INFO   ]   Failed:       1
[2026-08-10 11:48:31] [INFO   ]   Duration:     3.3s
[2026-08-10 11:48:31] [INFO   ] ======================================================================
